Archive member included because of file (symbol)

/usr/share/avr/lib/gcc-lib/avr/3.3.1/avr5/libgcc.a(_udivmodqi4.o)
                              demo.o (__udivmodqi4)
/usr/share/avr/lib/gcc-lib/avr/3.3.1/avr5/libgcc.a(_divmodhi4.o)
                              demo.o (__divmodhi4)
/usr/share/avr/lib/gcc-lib/avr/3.3.1/avr5/libgcc.a(_copy_data.o)
                              demo.o (__do_copy_data)
/usr/share/avr/lib/gcc-lib/avr/3.3.1/avr5/libgcc.a(_clear_bss.o)
                              demo.o (__do_clear_bss)
/usr/share/avr/lib/gcc-lib/avr/3.3.1/avr5/libgcc.a(_udivmodhi4.o)
                              /usr/share/avr/lib/gcc-lib/avr/3.3.1/avr5/libgcc.a(_divmodhi4.o) (__udivmodhi4)

Allocating common symbols
Common symbol       size              file

DELAY2              0x1               demo.o
RUN1                0x1               demo.o
STOP1               0x1               demo.o
RUN2                0x1               demo.o
RUN3                0x1               demo.o
DELAY3              0x1               demo.o
STOP2               0x1               demo.o
DELAY1              0x1               demo.o
STOP3               0x1               demo.o

Memory Configuration

Name             Origin             Length             Attributes
text             0x00000000         0x00020000         xr
data             0x00800060         0x0000ffa0         rw !x
eeprom           0x00810000         0x00010000         rw !x
*default*        0x00000000         0xffffffff

Linker script and memory map

LOAD /usr/share/avr/lib/gcc-lib/avr/3.3.1/../../../../avr/lib/avr5/crtm32.o
LOAD demo.o
LOAD /usr/share/avr/lib/gcc-lib/avr/3.3.1/avr5/libgcc.a
LOAD /usr/share/avr/lib/gcc-lib/avr/3.3.1/../../../../avr/lib/avr5/libc.a
LOAD /usr/share/avr/lib/gcc-lib/avr/3.3.1/avr5/libgcc.a

.hash
 *(.hash)

.dynsym
 *(.dynsym)

.dynstr
 *(.dynstr)

.gnu.version
 *(.gnu.version)

.gnu.version_d
 *(.gnu.version_d)

.gnu.version_r
 *(.gnu.version_r)

.rel.init
 *(.rel.init)

.rela.init
 *(.rela.init)

.rel.text
 *(.rel.text)
 *(.rel.text.*)
 *(.rel.gnu.linkonce.t*)

.rela.text
 *(.rela.text)
 *(.rela.text.*)
 *(.rela.gnu.linkonce.t*)

.rel.fini
 *(.rel.fini)

.rela.fini
 *(.rela.fini)

.rel.rodata
 *(.rel.rodata)
 *(.rel.rodata.*)
 *(.rel.gnu.linkonce.r*)

.rela.rodata
 *(.rela.rodata)
 *(.rela.rodata.*)
 *(.rela.gnu.linkonce.r*)

.rel.data
 *(.rel.data)
 *(.rel.data.*)
 *(.rel.gnu.linkonce.d*)

.rela.data
 *(.rela.data)
 *(.rela.data.*)
 *(.rela.gnu.linkonce.d*)

.rel.ctors
 *(.rel.ctors)

.rela.ctors
 *(.rela.ctors)

.rel.dtors
 *(.rel.dtors)

.rela.dtors
 *(.rela.dtors)

.rel.got
 *(.rel.got)

.rela.got
 *(.rela.got)

.rel.bss
 *(.rel.bss)

.rela.bss
 *(.rela.bss)

.rel.plt
 *(.rel.plt)

.rela.plt
 *(.rela.plt)

.text           0x00000000      0x3d6
 *(.vectors)
 .vectors       0x00000000       0x54 /usr/share/avr/lib/gcc-lib/avr/3.3.1/../../../../avr/lib/avr5/crtm32.o
                0x00000000                __vectors
                0x00000000                __vector_default
                0x00000054                __ctors_start = .
 *(.ctors)
                0x00000054                __ctors_end = .
                0x00000054                __dtors_start = .
 *(.dtors)
                0x00000054                __dtors_end = .
 *(.progmem.gcc*)
 *(.progmem*)
                0x00000054                . = ALIGN (0x2)
 *(.init0)
 *(.init1)
 *(.init2)
 .init2         0x00000054        0xc /usr/share/avr/lib/gcc-lib/avr/3.3.1/../../../../avr/lib/avr5/crtm32.o
 *(.init3)
 *(.init4)
 .init4         0x00000060       0x16 /usr/share/avr/lib/gcc-lib/avr/3.3.1/avr5/libgcc.a(_copy_data.o)
                0x00000060                __do_copy_data
 .init4         0x00000076       0x10 /usr/share/avr/lib/gcc-lib/avr/3.3.1/avr5/libgcc.a(_clear_bss.o)
                0x00000076                __do_clear_bss
 *(.init5)
 *(.init6)
 *(.init7)
 *(.init8)
 *(.init9)
 .init9         0x00000086        0x4 /usr/share/avr/lib/gcc-lib/avr/3.3.1/../../../../avr/lib/avr5/crtm32.o
 *(.text)
 .text          0x0000008a        0x4 /usr/share/avr/lib/gcc-lib/avr/3.3.1/../../../../avr/lib/avr5/crtm32.o
                0x0000008a                __vector_1
                0x0000008a                __vector_12
                0x0000008a                __bad_interrupt
                0x0000008a                __vector_6
                0x0000008a                __vector_3
                0x0000008a                __vector_11
                0x0000008a                __vector_13
                0x0000008a                __vector_17
                0x0000008a                __vector_19
                0x0000008a                __vector_7
                0x0000008a                __vector_5
                0x0000008a                __vector_4
                0x0000008a                __vector_9
                0x0000008a                __vector_2
                0x0000008a                __vector_15
                0x0000008a                __vector_8
                0x0000008a                __vector_14
                0x0000008a                __vector_16
                0x0000008a                __vector_18
                0x0000008a                __vector_20
 .text          0x0000008e      0x2e2 demo.o
                0x00000296                timer0_off
                0x00000286                timer0_on
                0x0000029a                init_Ports
                0x000002ae                wait
                0x000002d4                main
                0x0000008e                __vector_10
                0x00000370                . = ALIGN (0x2)
 *(.text.*)
 .text.libgcc   0x00000370       0x18 /usr/share/avr/lib/gcc-lib/avr/3.3.1/avr5/libgcc.a(_udivmodqi4.o)
                0x00000370                __udivmodqi4
 .text.libgcc   0x00000388       0x26 /usr/share/avr/lib/gcc-lib/avr/3.3.1/avr5/libgcc.a(_divmodhi4.o)
                0x00000388                __divmodhi4
                0x00000388                _div
 .text.libgcc   0x000003ae       0x28 /usr/share/avr/lib/gcc-lib/avr/3.3.1/avr5/libgcc.a(_udivmodhi4.o)
                0x000003ae                __udivmodhi4
                0x000003d6                . = ALIGN (0x2)
 *(.fini9)
 *(.fini8)
 *(.fini7)
 *(.fini6)
 *(.fini5)
 *(.fini4)
 *(.fini3)
 *(.fini2)
 *(.fini1)
 *(.fini0)
                0x000003d6                _etext = .

.data           0x00800060       0x46 load address 0x000003d6
                0x00800060                PROVIDE (__data_start, .)
 *(.data)
 .data          0x00800060       0x46 demo.o
 *(.gnu.linkonce.d*)
                0x008000a6                . = ALIGN (0x2)
                0x008000a6                _edata = .
                0x008000a6                PROVIDE (__data_end, .)

.bss            0x008000a6       0x15
                0x008000a6                PROVIDE (__bss_start, .)
 *(.bss)
 .bss           0x008000a6        0xc demo.o
 *(COMMON)
 COMMON         0x008000b2        0x9 demo.o
                                  0x0 (size before relaxing)
                0x008000b2                DELAY2
                0x008000b3                RUN1
                0x008000b4                STOP1
                0x008000b5                RUN2
                0x008000b6                RUN3
                0x008000b7                DELAY3
                0x008000b8                STOP2
                0x008000b9                DELAY1
                0x008000ba                STOP3
                0x008000bb                PROVIDE (__bss_end, .)
                0x000003d6                __data_load_start = LOADADDR (.data)
                0x0000041c                __data_load_end = (__data_load_start + SIZEOF (.data))

.noinit         0x008000bb        0x0
                0x008000bb                PROVIDE (__noinit_start, .)
 *(.noinit*)
                0x008000bb                PROVIDE (__noinit_end, .)
                0x008000bb                _end = .
                0x008000bb                PROVIDE (__heap_start, .)

.eeprom         0x00810000        0x0 load address 0x0000041c
 *(.eeprom*)
                0x00810000                __eeprom_end = .

.stab           0x00000000      0xbe8
 *(.stab)
 .stab          0x00000000      0x2a0 /usr/share/avr/lib/gcc-lib/avr/3.3.1/../../../../avr/lib/avr5/crtm32.o
 .stab          0x000002a0      0x948 demo.o
                                0x954 (size before relaxing)

.stabstr        0x00000000      0x812
 *(.stabstr)
 .stabstr       0x00000000      0x812 /usr/share/avr/lib/gcc-lib/avr/3.3.1/../../../../avr/lib/avr5/crtm32.o
                                  0x0 (size before relaxing)

.stab.excl
 *(.stab.excl)

.stab.exclstr
 *(.stab.exclstr)

.stab.index
 *(.stab.index)

.stab.indexstr
 *(.stab.indexstr)

.comment
 *(.comment)

.debug
 *(.debug)

.line
 *(.line)

.debug_srcinfo
 *(.debug_srcinfo)

.debug_sfnames
 *(.debug_sfnames)

.debug_aranges
 *(.debug_aranges)

.debug_pubnames
 *(.debug_pubnames)

.debug_info
 *(.debug_info)
 *(.gnu.linkonce.wi.*)

.debug_abbrev
 *(.debug_abbrev)

.debug_line
 *(.debug_line)

.debug_frame
 *(.debug_frame)

.debug_str
 *(.debug_str)

.debug_loc
 *(.debug_loc)

.debug_macinfo
 *(.debug_macinfo)
OUTPUT(spiel.elf elf32-avr)
