Archive member included because of file (symbol)

c:/programme/winavr-20070525/bin/../lib/gcc/avr/4.3.0/avr5\libgcc.a(_divmodhi4.o)
                              main.o (__divmodhi4)
c:/programme/winavr-20070525/bin/../lib/gcc/avr/4.3.0/avr5\libgcc.a(_divmodsi4.o)
                              main.o (__divmodsi4)
c:/programme/winavr-20070525/bin/../lib/gcc/avr/4.3.0/avr5\libgcc.a(_exit.o)
                              c:/programme/winavr-20070525/bin/../lib/gcc/avr/4.3.0/../../../../avr/lib/avr5/crtm32.o (exit)
c:/programme/winavr-20070525/bin/../lib/gcc/avr/4.3.0/avr5\libgcc.a(_copy_data.o)
                              main.o (__do_copy_data)
c:/programme/winavr-20070525/bin/../lib/gcc/avr/4.3.0/avr5\libgcc.a(_clear_bss.o)
                              main.o (__do_clear_bss)
c:/programme/winavr-20070525/bin/../lib/gcc/avr/4.3.0/avr5\libgcc.a(_udivmodhi4.o)
                              c:/programme/winavr-20070525/bin/../lib/gcc/avr/4.3.0/avr5\libgcc.a(_divmodhi4.o) (__udivmodhi4)
c:/programme/winavr-20070525/bin/../lib/gcc/avr/4.3.0/avr5\libgcc.a(_udivmodsi4.o)
                              c:/programme/winavr-20070525/bin/../lib/gcc/avr/4.3.0/avr5\libgcc.a(_divmodsi4.o) (__udivmodsi4)
c:/programme/winavr-20070525/bin/../lib/gcc/avr/4.3.0/../../../../avr/lib/avr5\libc.a(memcpy.o)
                              rfm12.o (memcpy)
c:/programme/winavr-20070525/bin/../lib/gcc/avr/4.3.0/../../../../avr/lib/avr5\libc.a(sprintf.o)
                              main.o (sprintf)
c:/programme/winavr-20070525/bin/../lib/gcc/avr/4.3.0/../../../../avr/lib/avr5\libc.a(vfprintf_std.o)
                              c:/programme/winavr-20070525/bin/../lib/gcc/avr/4.3.0/../../../../avr/lib/avr5\libc.a(sprintf.o) (vfprintf)
c:/programme/winavr-20070525/bin/../lib/gcc/avr/4.3.0/../../../../avr/lib/avr5\libc.a(strnlen_P.o)
                              c:/programme/winavr-20070525/bin/../lib/gcc/avr/4.3.0/../../../../avr/lib/avr5\libc.a(vfprintf_std.o) (strnlen_P)
c:/programme/winavr-20070525/bin/../lib/gcc/avr/4.3.0/../../../../avr/lib/avr5\libc.a(strnlen.o)
                              c:/programme/winavr-20070525/bin/../lib/gcc/avr/4.3.0/../../../../avr/lib/avr5\libc.a(vfprintf_std.o) (strnlen)
c:/programme/winavr-20070525/bin/../lib/gcc/avr/4.3.0/../../../../avr/lib/avr5\libc.a(fputc.o)
                              c:/programme/winavr-20070525/bin/../lib/gcc/avr/4.3.0/../../../../avr/lib/avr5\libc.a(vfprintf_std.o) (fputc)
c:/programme/winavr-20070525/bin/../lib/gcc/avr/4.3.0/../../../../avr/lib/avr5\libc.a(ultoa_invert.o)
                              c:/programme/winavr-20070525/bin/../lib/gcc/avr/4.3.0/../../../../avr/lib/avr5\libc.a(vfprintf_std.o) (__ultoa_invert)
c:/programme/winavr-20070525/bin/../lib/gcc/avr/4.3.0/avr5\libgcc.a(_prologue.o)
                              c:/programme/winavr-20070525/bin/../lib/gcc/avr/4.3.0/../../../../avr/lib/avr5\libc.a(sprintf.o) (__prologue_saves__)
c:/programme/winavr-20070525/bin/../lib/gcc/avr/4.3.0/avr5\libgcc.a(_epilogue.o)
                              c:/programme/winavr-20070525/bin/../lib/gcc/avr/4.3.0/../../../../avr/lib/avr5\libc.a(sprintf.o) (__epilogue_restores__)

Allocating common symbols
Common symbol       size              file

move_encTarg        0x4               main.o
rf_rx_buffer        0x75              rfm12.o
pid                 0x2               main.o
acc_curY            0x2               main.o
rfm12_mode          0x1               rfm12.o
robo_curSpeed       0x2               main.o
enc_A               0x4               hgrobo/encoder.o
robo_battVolts      0x2               main.o
move_setSpeed       0x2               main.o
enc_B               0x4               hgrobo/encoder.o
robo_targSpeed      0x2               main.o
robo_sysCnt         0x4               main.o
robo_drivePID       0x7               main.o
robo_driveOut       0x2               main.o
rf_tx_buffer        0x3a              rfm12.o
robo_currentDrain   0x2               main.o
acc_curX            0x2               main.o
move_mode           0x1               main.o
adc_chsel           0x1               main.o
td                  0x2               main.o
acc_curZ            0x2               main.o

Memory Configuration

Name             Origin             Length             Attributes
text             0x00000000         0x00020000         xr
data             0x00800060         0x0000ffa0         rw !x
eeprom           0x00810000         0x00010000         rw !x
fuse             0x00820000         0x00000400         rw !x
lock             0x00830000         0x00000400         rw !x
signature        0x00840000         0x00000400         rw !x
*default*        0x00000000         0xffffffff

Linker script and memory map

LOAD c:/programme/winavr-20070525/bin/../lib/gcc/avr/4.3.0/../../../../avr/lib/avr5/crtm32.o
LOAD main.o
LOAD rfm12.o
LOAD hgrobo/motor.o
LOAD hgrobo/encoder.o
LOAD hgrobo/motorPID.o
LOAD c:/programme/winavr-20070525/bin/../lib/gcc/avr/4.3.0/avr5\libgcc.a
LOAD c:/programme/winavr-20070525/bin/../lib/gcc/avr/4.3.0/../../../../avr/lib/avr5\libc.a
LOAD c:/programme/winavr-20070525/bin/../lib/gcc/avr/4.3.0/avr5\libgcc.a

.hash
 *(.hash)

.dynsym
 *(.dynsym)

.dynstr
 *(.dynstr)

.gnu.version
 *(.gnu.version)

.gnu.version_d
 *(.gnu.version_d)

.gnu.version_r
 *(.gnu.version_r)

.rel.init
 *(.rel.init)

.rela.init
 *(.rela.init)

.rel.text
 *(.rel.text)
 *(.rel.text.*)
 *(.rel.gnu.linkonce.t*)

.rela.text
 *(.rela.text)
 *(.rela.text.*)
 *(.rela.gnu.linkonce.t*)

.rel.fini
 *(.rel.fini)

.rela.fini
 *(.rela.fini)

.rel.rodata
 *(.rel.rodata)
 *(.rel.rodata.*)
 *(.rel.gnu.linkonce.r*)

.rela.rodata
 *(.rela.rodata)
 *(.rela.rodata.*)
 *(.rela.gnu.linkonce.r*)

.rel.data
 *(.rel.data)
 *(.rel.data.*)
 *(.rel.gnu.linkonce.d*)

.rela.data
 *(.rela.data)
 *(.rela.data.*)
 *(.rela.gnu.linkonce.d*)

.rel.ctors
 *(.rel.ctors)

.rela.ctors
 *(.rela.ctors)

.rel.dtors
 *(.rel.dtors)

.rela.dtors
 *(.rela.dtors)

.rel.got
 *(.rel.got)

.rela.got
 *(.rela.got)

.rel.bss
 *(.rel.bss)

.rela.bss
 *(.rela.bss)

.rel.plt
 *(.rel.plt)

.rela.plt
 *(.rela.plt)

.text           0x00000000     0x1564
 *(.vectors)
 .vectors       0x00000000       0x54 c:/programme/winavr-20070525/bin/../lib/gcc/avr/4.3.0/../../../../avr/lib/avr5/crtm32.o
                0x00000000                __vectors
                0x00000000                __vector_default
 *(.vectors)
 *(.progmem.gcc*)
 *(.progmem*)
                0x00000054                . = ALIGN (0x2)
                0x00000054                __trampolines_start = .
 *(.trampolines)
 .trampolines   0x00000054        0x0 linker stubs
 *(.trampolines*)
                0x00000054                __trampolines_end = .
 *(.jumptables)
 *(.jumptables*)
 *(.lowtext)
 *(.lowtext*)
                0x00000054                __ctors_start = .
 *(.ctors)
                0x00000054                __ctors_end = .
                0x00000054                __dtors_start = .
 *(.dtors)
                0x00000054                __dtors_end = .
 SORT(*)(.ctors)
 SORT(*)(.dtors)
 *(.init0)
 .init0         0x00000054        0x0 c:/programme/winavr-20070525/bin/../lib/gcc/avr/4.3.0/../../../../avr/lib/avr5/crtm32.o
                0x00000054                __init
 *(.init0)
 *(.init1)
 *(.init1)
 *(.init2)
 .init2         0x00000054        0xc c:/programme/winavr-20070525/bin/../lib/gcc/avr/4.3.0/../../../../avr/lib/avr5/crtm32.o
 *(.init2)
 *(.init3)
 *(.init3)
 *(.init4)
 .init4         0x00000060       0x16 c:/programme/winavr-20070525/bin/../lib/gcc/avr/4.3.0/avr5\libgcc.a(_copy_data.o)
                0x00000060                __do_copy_data
 .init4         0x00000076       0x10 c:/programme/winavr-20070525/bin/../lib/gcc/avr/4.3.0/avr5\libgcc.a(_clear_bss.o)
                0x00000076                __do_clear_bss
 *(.init4)
 *(.init5)
 *(.init5)
 *(.init6)
 *(.init6)
 *(.init7)
 *(.init7)
 *(.init8)
 *(.init8)
 *(.init9)
 .init9         0x00000086        0x8 c:/programme/winavr-20070525/bin/../lib/gcc/avr/4.3.0/../../../../avr/lib/avr5/crtm32.o
 *(.init9)
 *(.text)
 .text          0x0000008e        0x4 c:/programme/winavr-20070525/bin/../lib/gcc/avr/4.3.0/../../../../avr/lib/avr5/crtm32.o
                0x0000008e                __vector_1
                0x0000008e                __vector_12
                0x0000008e                __bad_interrupt
                0x0000008e                __vector_6
                0x0000008e                __vector_13
                0x0000008e                __vector_17
                0x0000008e                __vector_19
                0x0000008e                __vector_7
                0x0000008e                __vector_5
                0x0000008e                __vector_4
                0x0000008e                __vector_9
                0x0000008e                __vector_2
                0x0000008e                __vector_15
                0x0000008e                __vector_8
                0x0000008e                __vector_14
                0x0000008e                __vector_10
                0x0000008e                __vector_18
                0x0000008e                __vector_20
 .text          0x00000092      0x730 main.o
                0x00000364                drive_test
                0x000003e0                drive_joy
                0x00000484                driveControl
                0x000000ca                adc_mux
                0x000005b4                __vector_11
                0x0000051c                radio_debug
                0x000000d6                init_adc
                0x00000198                calcSpeed
                0x00000622                init
                0x00000690                main
                0x000005ae                radio_comm
                0x00000092                timer0_init
                0x000002c4                movementControl
                0x000000b6                pid_init
                0x000000ea                __vector_16
 .text          0x000007c2      0x504 rfm12.o
                0x000007d4                rfm12_read
                0x00000a56                rfm12_tick
                0x000007c2                rfm12_data
                0x00000b44                spi_init
                0x000007f6                __vector_3
                0x00000c68                rfm12_tx
                0x00000b10                rfm12_start_tx
                0x00000b50                rfm12_init
 .text          0x00000cc6       0x2a hgrobo/motor.o
                0x00000cc6                mot_init
                0x00000cd4                pwm_init
 .text          0x00000cf0      0x140 hgrobo/encoder.o
                0x00000dfe                enc_init
                0x00000cf0                enc_sample
 .text          0x00000e30       0xa4 hgrobo/motorPID.o
                0x00000e30                MotorPID
 .text          0x00000ed4        0x0 c:/programme/winavr-20070525/bin/../lib/gcc/avr/4.3.0/avr5\libgcc.a(_divmodhi4.o)
 .text          0x00000ed4        0x0 c:/programme/winavr-20070525/bin/../lib/gcc/avr/4.3.0/avr5\libgcc.a(_divmodsi4.o)
 .text          0x00000ed4        0x0 c:/programme/winavr-20070525/bin/../lib/gcc/avr/4.3.0/avr5\libgcc.a(_exit.o)
 .text          0x00000ed4        0x0 c:/programme/winavr-20070525/bin/../lib/gcc/avr/4.3.0/avr5\libgcc.a(_copy_data.o)
 .text          0x00000ed4        0x0 c:/programme/winavr-20070525/bin/../lib/gcc/avr/4.3.0/avr5\libgcc.a(_clear_bss.o)
 .text          0x00000ed4        0x0 c:/programme/winavr-20070525/bin/../lib/gcc/avr/4.3.0/avr5\libgcc.a(_udivmodhi4.o)
 .text          0x00000ed4        0x0 c:/programme/winavr-20070525/bin/../lib/gcc/avr/4.3.0/avr5\libgcc.a(_udivmodsi4.o)
 .text          0x00000ed4       0x12 c:/programme/winavr-20070525/bin/../lib/gcc/avr/4.3.0/../../../../avr/lib/avr5\libc.a(memcpy.o)
                0x00000ed4                memcpy
 .text          0x00000ee6       0x46 c:/programme/winavr-20070525/bin/../lib/gcc/avr/4.3.0/../../../../avr/lib/avr5\libc.a(sprintf.o)
                0x00000ee6                sprintf
 .text          0x00000f2c      0x3be c:/programme/winavr-20070525/bin/../lib/gcc/avr/4.3.0/../../../../avr/lib/avr5\libc.a(vfprintf_std.o)
                0x00000f2c                vfprintf
 .text          0x000012ea       0x16 c:/programme/winavr-20070525/bin/../lib/gcc/avr/4.3.0/../../../../avr/lib/avr5\libc.a(strnlen_P.o)
                0x000012ea                strnlen_P
 .text          0x00001300       0x16 c:/programme/winavr-20070525/bin/../lib/gcc/avr/4.3.0/../../../../avr/lib/avr5\libc.a(strnlen.o)
                0x00001300                strnlen
 .text          0x00001316       0x58 c:/programme/winavr-20070525/bin/../lib/gcc/avr/4.3.0/../../../../avr/lib/avr5\libc.a(fputc.o)
                0x00001316                fputc
 .text          0x0000136e       0xbc c:/programme/winavr-20070525/bin/../lib/gcc/avr/4.3.0/../../../../avr/lib/avr5\libc.a(ultoa_invert.o)
                0x0000136e                __ultoa_invert
 .text          0x0000142a        0x0 c:/programme/winavr-20070525/bin/../lib/gcc/avr/4.3.0/avr5\libgcc.a(_prologue.o)
 .text          0x0000142a        0x0 c:/programme/winavr-20070525/bin/../lib/gcc/avr/4.3.0/avr5\libgcc.a(_epilogue.o)
                0x0000142a                . = ALIGN (0x2)
 *(.text.*)
 .text.libgcc   0x0000142a       0x26 c:/programme/winavr-20070525/bin/../lib/gcc/avr/4.3.0/avr5\libgcc.a(_divmodhi4.o)
                0x0000142a                __divmodhi4
                0x0000142a                _div
 .text.libgcc   0x00001450       0x36 c:/programme/winavr-20070525/bin/../lib/gcc/avr/4.3.0/avr5\libgcc.a(_divmodsi4.o)
                0x00001450                __divmodsi4
 .text.libgcc   0x00001486        0x0 c:/programme/winavr-20070525/bin/../lib/gcc/avr/4.3.0/avr5\libgcc.a(_exit.o)
 .text.libgcc   0x00001486        0x0 c:/programme/winavr-20070525/bin/../lib/gcc/avr/4.3.0/avr5\libgcc.a(_copy_data.o)
 .text.libgcc   0x00001486        0x0 c:/programme/winavr-20070525/bin/../lib/gcc/avr/4.3.0/avr5\libgcc.a(_clear_bss.o)
 .text.libgcc   0x00001486       0x28 c:/programme/winavr-20070525/bin/../lib/gcc/avr/4.3.0/avr5\libgcc.a(_udivmodhi4.o)
                0x00001486                __udivmodhi4
 .text.libgcc   0x000014ae       0x44 c:/programme/winavr-20070525/bin/../lib/gcc/avr/4.3.0/avr5\libgcc.a(_udivmodsi4.o)
                0x000014ae                __udivmodsi4
 .text.libgcc   0x000014f2       0x38 c:/programme/winavr-20070525/bin/../lib/gcc/avr/4.3.0/avr5\libgcc.a(_prologue.o)
                0x000014f2                __prologue_saves__
 .text.libgcc   0x0000152a       0x36 c:/programme/winavr-20070525/bin/../lib/gcc/avr/4.3.0/avr5\libgcc.a(_epilogue.o)
                0x0000152a                __epilogue_restores__
                0x00001560                . = ALIGN (0x2)
 *(.fini9)
 .fini9         0x00001560        0x0 c:/programme/winavr-20070525/bin/../lib/gcc/avr/4.3.0/avr5\libgcc.a(_exit.o)
                0x00001560                exit
                0x00001560                _exit
 *(.fini9)
 *(.fini8)
 *(.fini8)
 *(.fini7)
 *(.fini7)
 *(.fini6)
 *(.fini6)
 *(.fini5)
 *(.fini5)
 *(.fini4)
 *(.fini4)
 *(.fini3)
 *(.fini3)
 *(.fini2)
 *(.fini2)
 *(.fini1)
 *(.fini1)
 *(.fini0)
 .fini0         0x00001560        0x4 c:/programme/winavr-20070525/bin/../lib/gcc/avr/4.3.0/avr5\libgcc.a(_exit.o)
 *(.fini0)
                0x00001564                _etext = .

.data           0x00800060       0x14 load address 0x00001564
                0x00800060                PROVIDE (__data_start, .)
 *(.data)
 .data          0x00800060        0x0 c:/programme/winavr-20070525/bin/../lib/gcc/avr/4.3.0/../../../../avr/lib/avr5/crtm32.o
 .data          0x00800060       0x12 main.o
 .data          0x00800072        0x1 rfm12.o
 .data          0x00800073        0x0 hgrobo/motor.o
 .data          0x00800073        0x0 hgrobo/encoder.o
 .data          0x00800073        0x0 hgrobo/motorPID.o
 .data          0x00800073        0x0 c:/programme/winavr-20070525/bin/../lib/gcc/avr/4.3.0/avr5\libgcc.a(_divmodhi4.o)
 .data          0x00800073        0x0 c:/programme/winavr-20070525/bin/../lib/gcc/avr/4.3.0/avr5\libgcc.a(_divmodsi4.o)
 .data          0x00800073        0x0 c:/programme/winavr-20070525/bin/../lib/gcc/avr/4.3.0/avr5\libgcc.a(_exit.o)
 .data          0x00800073        0x0 c:/programme/winavr-20070525/bin/../lib/gcc/avr/4.3.0/avr5\libgcc.a(_copy_data.o)
 .data          0x00800073        0x0 c:/programme/winavr-20070525/bin/../lib/gcc/avr/4.3.0/avr5\libgcc.a(_clear_bss.o)
 .data          0x00800073        0x0 c:/programme/winavr-20070525/bin/../lib/gcc/avr/4.3.0/avr5\libgcc.a(_udivmodhi4.o)
 .data          0x00800073        0x0 c:/programme/winavr-20070525/bin/../lib/gcc/avr/4.3.0/avr5\libgcc.a(_udivmodsi4.o)
 .data          0x00800073        0x0 c:/programme/winavr-20070525/bin/../lib/gcc/avr/4.3.0/../../../../avr/lib/avr5\libc.a(memcpy.o)
 .data          0x00800073        0x0 c:/programme/winavr-20070525/bin/../lib/gcc/avr/4.3.0/../../../../avr/lib/avr5\libc.a(sprintf.o)
 .data          0x00800073        0x0 c:/programme/winavr-20070525/bin/../lib/gcc/avr/4.3.0/../../../../avr/lib/avr5\libc.a(vfprintf_std.o)
 .data          0x00800073        0x0 c:/programme/winavr-20070525/bin/../lib/gcc/avr/4.3.0/../../../../avr/lib/avr5\libc.a(strnlen_P.o)
 .data          0x00800073        0x0 c:/programme/winavr-20070525/bin/../lib/gcc/avr/4.3.0/../../../../avr/lib/avr5\libc.a(strnlen.o)
 .data          0x00800073        0x0 c:/programme/winavr-20070525/bin/../lib/gcc/avr/4.3.0/../../../../avr/lib/avr5\libc.a(fputc.o)
 .data          0x00800073        0x0 c:/programme/winavr-20070525/bin/../lib/gcc/avr/4.3.0/../../../../avr/lib/avr5\libc.a(ultoa_invert.o)
 .data          0x00800073        0x0 c:/programme/winavr-20070525/bin/../lib/gcc/avr/4.3.0/avr5\libgcc.a(_prologue.o)
 .data          0x00800073        0x0 c:/programme/winavr-20070525/bin/../lib/gcc/avr/4.3.0/avr5\libgcc.a(_epilogue.o)
 *(.data*)
 *(.rodata)
 *(.rodata*)
 *(.gnu.linkonce.d*)
                0x00800074                . = ALIGN (0x2)
 *fill*         0x00800073        0x1 00
                0x00800074                _edata = .
                0x00800074                PROVIDE (__data_end, .)

.bss            0x00800074       0xf2 load address 0x00001578
                0x00800074                PROVIDE (__bss_start, .)
 *(.bss)
 .bss           0x00800074        0x0 c:/programme/winavr-20070525/bin/../lib/gcc/avr/4.3.0/../../../../avr/lib/avr5/crtm32.o
 .bss           0x00800074       0x11 main.o
 .bss           0x00800085        0x1 rfm12.o
 .bss           0x00800086        0x0 hgrobo/motor.o
 .bss           0x00800086        0x1 hgrobo/encoder.o
 .bss           0x00800087        0x0 hgrobo/motorPID.o
 .bss           0x00800087        0x0 c:/programme/winavr-20070525/bin/../lib/gcc/avr/4.3.0/avr5\libgcc.a(_divmodhi4.o)
 .bss           0x00800087        0x0 c:/programme/winavr-20070525/bin/../lib/gcc/avr/4.3.0/avr5\libgcc.a(_divmodsi4.o)
 .bss           0x00800087        0x0 c:/programme/winavr-20070525/bin/../lib/gcc/avr/4.3.0/avr5\libgcc.a(_exit.o)
 .bss           0x00800087        0x0 c:/programme/winavr-20070525/bin/../lib/gcc/avr/4.3.0/avr5\libgcc.a(_copy_data.o)
 .bss           0x00800087        0x0 c:/programme/winavr-20070525/bin/../lib/gcc/avr/4.3.0/avr5\libgcc.a(_clear_bss.o)
 .bss           0x00800087        0x0 c:/programme/winavr-20070525/bin/../lib/gcc/avr/4.3.0/avr5\libgcc.a(_udivmodhi4.o)
 .bss           0x00800087        0x0 c:/programme/winavr-20070525/bin/../lib/gcc/avr/4.3.0/avr5\libgcc.a(_udivmodsi4.o)
 .bss           0x00800087        0x0 c:/programme/winavr-20070525/bin/../lib/gcc/avr/4.3.0/../../../../avr/lib/avr5\libc.a(memcpy.o)
 .bss           0x00800087        0x0 c:/programme/winavr-20070525/bin/../lib/gcc/avr/4.3.0/../../../../avr/lib/avr5\libc.a(sprintf.o)
 .bss           0x00800087        0x0 c:/programme/winavr-20070525/bin/../lib/gcc/avr/4.3.0/../../../../avr/lib/avr5\libc.a(vfprintf_std.o)
 .bss           0x00800087        0x0 c:/programme/winavr-20070525/bin/../lib/gcc/avr/4.3.0/../../../../avr/lib/avr5\libc.a(strnlen_P.o)
 .bss           0x00800087        0x0 c:/programme/winavr-20070525/bin/../lib/gcc/avr/4.3.0/../../../../avr/lib/avr5\libc.a(strnlen.o)
 .bss           0x00800087        0x0 c:/programme/winavr-20070525/bin/../lib/gcc/avr/4.3.0/../../../../avr/lib/avr5\libc.a(fputc.o)
 .bss           0x00800087        0x0 c:/programme/winavr-20070525/bin/../lib/gcc/avr/4.3.0/../../../../avr/lib/avr5\libc.a(ultoa_invert.o)
 .bss           0x00800087        0x0 c:/programme/winavr-20070525/bin/../lib/gcc/avr/4.3.0/avr5\libgcc.a(_prologue.o)
 .bss           0x00800087        0x0 c:/programme/winavr-20070525/bin/../lib/gcc/avr/4.3.0/avr5\libgcc.a(_epilogue.o)
 *(.bss*)
 *(COMMON)
 COMMON         0x00800087       0x27 main.o
                0x00800087                move_encTarg
                0x0080008b                pid
                0x0080008d                acc_curY
                0x0080008f                robo_curSpeed
                0x00800091                robo_battVolts
                0x00800093                move_setSpeed
                0x00800095                robo_targSpeed
                0x00800097                robo_sysCnt
                0x0080009b                robo_drivePID
                0x008000a2                robo_driveOut
                0x008000a4                robo_currentDrain
                0x008000a6                acc_curX
                0x008000a8                move_mode
                0x008000a9                adc_chsel
                0x008000aa                td
                0x008000ac                acc_curZ
 COMMON         0x008000ae       0xb0 rfm12.o
                0x008000ae                rf_rx_buffer
                0x00800123                rfm12_mode
                0x00800124                rf_tx_buffer
 COMMON         0x0080015e        0x8 hgrobo/encoder.o
                0x0080015e                enc_A
                0x00800162                enc_B
                0x00800166                PROVIDE (__bss_end, .)
                0x00001564                __data_load_start = LOADADDR (.data)
                0x00001578                __data_load_end = (__data_load_start + SIZEOF (.data))

.noinit         0x00800166        0x0
                0x00800166                PROVIDE (__noinit_start, .)
 *(.noinit*)
                0x00800166                PROVIDE (__noinit_end, .)
                0x00800166                _end = .
                0x00800166                PROVIDE (__heap_start, .)

.eeprom         0x00810000        0x0
 *(.eeprom*)
                0x00810000                __eeprom_end = .

.fuse
 *(.fuse)
 *(.lfuse)
 *(.hfuse)
 *(.efuse)

.lock
 *(.lock*)

.signature
 *(.signature*)

.stab
 *(.stab)

.stabstr
 *(.stabstr)

.stab.excl
 *(.stab.excl)

.stab.exclstr
 *(.stab.exclstr)

.stab.index
 *(.stab.index)

.stab.indexstr
 *(.stab.indexstr)

.comment
 *(.comment)

.debug
 *(.debug)

.line
 *(.line)

.debug_srcinfo
 *(.debug_srcinfo)

.debug_sfnames
 *(.debug_sfnames)

.debug_aranges
 *(.debug_aranges)

.debug_pubnames
 *(.debug_pubnames)

.debug_info
 *(.debug_info)
 *(.gnu.linkonce.wi.*)

.debug_abbrev
 *(.debug_abbrev)

.debug_line
 *(.debug_line)

.debug_frame
 *(.debug_frame)

.debug_str
 *(.debug_str)

.debug_loc
 *(.debug_loc)

.debug_macinfo
 *(.debug_macinfo)
OUTPUT(image.elf elf32-avr)
LOAD linker stubs
