EN service_module NULL /home/tixiv/vhdl/farbborg/Service_Module.vhd sub00/vhpl36 1167343564
EN ramdatareg NULL /home/tixiv/vhdl/farbborg/RAMDataReg.vhd sub00/vhpl18 1167343544
PB avrucpackage avrucpackage /home/tixiv/vhdl/farbborg/AVRuCPackage.vhd sub00/vhpl03 1167343529
EN segmentmux NULL /home/tixiv/vhdl/farbborg/SegmentMUX.vhd sub00/vhpl40 1167343568
AR ramdatareg rtl /home/tixiv/vhdl/farbborg/RAMDataReg.vhd sub00/vhpl19 1167343545
EN pwm NULL /home/tixiv/vhdl/farbborg/pwm.vhd sub00/vhpl00 1167343550
EN pport NULL /home/tixiv/vhdl/farbborg/portx.vhd sub00/vhpl28 1167343556
EN io_adr_dec NULL /home/tixiv/vhdl/farbborg/io_adr_dec.vhd sub00/vhpl10 1167343536
AR pwm behavioral /home/tixiv/vhdl/farbborg/pwm.vhd sub00/vhpl01 1167343551
EN rom NULL /home/tixiv/vhdl/farbborg/firmware/rom.vhd sub00/vhpl20 1167343546
AR wb_sram rtl /home/tixiv/vhdl/farbborg/wb_sram.vhd sub00/vhpl23 1167343549
AR bit_processor rtl /home/tixiv/vhdl/farbborg/bit_processor.vhd sub00/vhpl09 1167343535
EN alu_avr NULL /home/tixiv/vhdl/farbborg/alu_avr.vhd sub00/vhpl14 1167343540
EN cpuwaitgenerator NULL /home/tixiv/vhdl/farbborg/CPUWaitGenerator.vhd sub00/vhpl24 1167343552
AR main behavioral /home/tixiv/vhdl/farbborg/main.vhd sub00/vhpl45 1167343573
AR io_reg_file rtl /home/tixiv/vhdl/farbborg/io_reg_file.vhd sub00/vhpl13 1167343539
AR service_module rtl /home/tixiv/vhdl/farbborg/Service_Module.vhd sub00/vhpl37 1167343565
EN main NULL /home/tixiv/vhdl/farbborg/main.vhd sub00/vhpl44 1167343572
AR pm_fetch_dec rtl /home/tixiv/vhdl/farbborg/pm_fetch_dec.vhd sub00/vhpl05 1167343531
EN avr_core NULL /home/tixiv/vhdl/farbborg/avr_core.vhd sub00/vhpl16 1167343542
EN external_mux NULL /home/tixiv/vhdl/farbborg/external_mux.vhd sub00/vhpl26 1167343554
AR segmentmux behavioral /home/tixiv/vhdl/farbborg/SegmentMUX.vhd sub00/vhpl41 1167343569
AR reg_file rtl /home/tixiv/vhdl/farbborg/reg_file.vhd sub00/vhpl07 1167343533
EN timer_counter NULL /home/tixiv/vhdl/farbborg/Timer_Counter.vhd sub00/vhpl34 1167343562
EN pm_fetch_dec NULL /home/tixiv/vhdl/farbborg/pm_fetch_dec.vhd sub00/vhpl04 1167343530
EN clkgen NULL /home/tixiv/vhdl/farbborg/ClkGen.vhd sub00/vhpl38 1167343566
EN reg_file NULL /home/tixiv/vhdl/farbborg/reg_file.vhd sub00/vhpl06 1167343532
AR uart rtl /home/tixiv/vhdl/farbborg/uart.vhd sub00/vhpl33 1167343561
EN top_avr_core_sim NULL /home/tixiv/vhdl/farbborg/top_avr_core_sim.vhd sub00/vhpl42 1167343570
AR top_avr_core_sim struct /home/tixiv/vhdl/farbborg/top_avr_core_sim.vhd sub00/vhpl43 1167343571
AR alu_avr rtl /home/tixiv/vhdl/farbborg/alu_avr.vhd sub00/vhpl15 1167343541
EN simple_timer NULL /home/tixiv/vhdl/farbborg/simple_timer.vhd sub00/vhpl30 1167343558
AR timer_counter rtl /home/tixiv/vhdl/farbborg/Timer_Counter.vhd sub00/vhpl35 1167343563
AR simple_timer rtl /home/tixiv/vhdl/farbborg/simple_timer.vhd sub00/vhpl31 1167343559
AR io_adr_dec rtl /home/tixiv/vhdl/farbborg/io_adr_dec.vhd sub00/vhpl11 1167343537
EN bit_processor NULL /home/tixiv/vhdl/farbborg/bit_processor.vhd sub00/vhpl08 1167343534
EN io_reg_file NULL /home/tixiv/vhdl/farbborg/io_reg_file.vhd sub00/vhpl12 1167343538
AR cpuwaitgenerator beh /home/tixiv/vhdl/farbborg/CPUWaitGenerator.vhd sub00/vhpl25 1167343553
EN wb_sram NULL /home/tixiv/vhdl/farbborg/wb_sram.vhd sub00/vhpl22 1167343548
PH avrucpackage NULL /home/tixiv/vhdl/farbborg/AVRuCPackage.vhd sub00/vhpl02 1167343528
AR rom rtl /home/tixiv/vhdl/farbborg/firmware/rom.vhd sub00/vhpl21 1167343547
EN uart NULL /home/tixiv/vhdl/farbborg/uart.vhd sub00/vhpl32 1167343560
AR external_mux rtl /home/tixiv/vhdl/farbborg/external_mux.vhd sub00/vhpl27 1167343555
AR pport rtl /home/tixiv/vhdl/farbborg/portx.vhd sub00/vhpl29 1167343557
AR avr_core struct /home/tixiv/vhdl/farbborg/avr_core.vhd sub00/vhpl17 1167343543
AR clkgen behavioral /home/tixiv/vhdl/farbborg/ClkGen.vhd sub00/vhpl39 1167343567
