Archive member included because of file (symbol)

../avrx/avrx.a(monitor.o)     MessageTimers.o (Monitor)
../avrx/avrx.a(avrx_tasking.o)
                              MessageTimers.o (IntProlog)
../avrx/avrx.a(avrx_semaphores.o)
                              MessageTimers.o (AvrXWaitMessageAck)
../avrx/avrx.a(avrx_singlestep.o)
                              ../avrx/avrx.a(monitor.o) (AvrXStepNext)
../avrx/avrx.a(avrx_terminate.o)
                              ../avrx/avrx.a(monitor.o) (AvrXTerminate)
../avrx/avrx.a(avrx_halt.o)   MessageTimers.o (AvrXHalt)
../avrx/avrx.a(avrx_suspend.o)
                              ../avrx/avrx.a(monitor.o) (AvrXSuspend)
../avrx/avrx.a(avrx_message.o)
                              MessageTimers.o (AvrXSendMessage)
../avrx/avrx.a(avrx_timequeue.o)
                              MessageTimers.o (AvrXDelay)
../avrx/avrx.a(avrx_starttimermessage.o)
                              MessageTimers.o (AvrXStartTimerMessage)
../avrx/avrx.a(avrx_canceltimer.o)
                              ../avrx/avrx.a(monitor.o) (AvrXCancelTimer)
../avrx/avrx.a(avrx_eeprom.o)
                              MessageTimers.o (EEPromMutex)
../avrx/avrx.a(avrx_resetsemaphore.o)
                              ../avrx/avrx.a(avrx_timequeue.o) (AvrXIntResetObjectSemaphore)
/usr/lib/gcc/avr/3.4.3/avr5/libgcc.a(_copy_data.o)
                              MessageTimers.o (__do_copy_data)
/usr/lib/gcc/avr/3.4.3/avr5/libgcc.a(_clear_bss.o)
                              MessageTimers.o (__do_clear_bss)

Allocating common symbols
Common symbol       size              file

_TimerQueue         0x2               ../avrx/avrx.a(avrx_timequeue.o)
TxIntFlag           0x2               ../avrx/serialio.o
_TimQLevel          0x1               ../avrx/avrx.a(avrx_timequeue.o)
switcherPid         0x6               MessageTimers.o
MonitorStk          0x37              MessageTimers.o
AvrXKernelData      0x7               ../avrx/avrx.a(avrx_tasking.o)
flasherPid          0x6               MessageTimers.o
Timer               0x8               MessageTimers.o
MyQueue             0x4               MessageTimers.o
SioFlags            0x1               ../avrx/serialio.o
SwTimer             0x6               MessageTimers.o
MonitorPid          0x6               MessageTimers.o
EEPromMutex         0x2               ../avrx/avrx.a(avrx_eeprom.o)
SwitchMsg           0x5               MessageTimers.o
RxC_Flag            0x2               ../avrx/serialio.o
switcherStk         0x2d              MessageTimers.o
_RxByte             0x1               ../avrx/serialio.o
flasherStk          0x37              MessageTimers.o

Memory Configuration

Name             Origin             Length             Attributes
text             0x00000000         0x00020000         xr
data             0x00800060         0x0000ffa0         rw !x
eeprom           0x00810000         0x00010000         rw !x
*default*        0x00000000         0xffffffff

Linker script and memory map

LOAD /usr/lib/gcc/avr/3.4.3/../../../../avr/lib/avr5/crtm32.o
LOAD MessageTimers.o
LOAD ../avrx/serialio.o
LOAD ../avrx/avrx.a
LOAD /usr/lib/gcc/avr/3.4.3/../../../../avr/lib/avr5/libm.a
LOAD /usr/lib/gcc/avr/3.4.3/avr5/libgcc.a
LOAD /usr/lib/gcc/avr/3.4.3/../../../../avr/lib/avr5/libc.a
LOAD /usr/lib/gcc/avr/3.4.3/avr5/libgcc.a

.hash
 *(.hash)

.dynsym
 *(.dynsym)

.dynstr
 *(.dynstr)

.gnu.version
 *(.gnu.version)

.gnu.version_d
 *(.gnu.version_d)

.gnu.version_r
 *(.gnu.version_r)

.rel.init
 *(.rel.init)

.rela.init
 *(.rela.init)

.rel.text
 *(.rel.text)
 *(.rel.text.*)
 *(.rel.gnu.linkonce.t*)

.rela.text
 *(.rela.text)
 *(.rela.text.*)
 *(.rela.gnu.linkonce.t*)

.rel.fini
 *(.rel.fini)

.rela.fini
 *(.rela.fini)

.rel.rodata
 *(.rel.rodata)
 *(.rel.rodata.*)
 *(.rel.gnu.linkonce.r*)

.rela.rodata
 *(.rela.rodata)
 *(.rela.rodata.*)
 *(.rela.gnu.linkonce.r*)

.rel.data
 *(.rel.data)
 *(.rel.data.*)
 *(.rel.gnu.linkonce.d*)

.rela.data
 *(.rela.data)
 *(.rela.data.*)
 *(.rela.gnu.linkonce.d*)

.rel.ctors
 *(.rel.ctors)

.rela.ctors
 *(.rela.ctors)

.rel.dtors
 *(.rel.dtors)

.rela.dtors
 *(.rela.dtors)

.rel.got
 *(.rel.got)

.rela.got
 *(.rela.got)

.rel.bss
 *(.rel.bss)

.rela.bss
 *(.rela.bss)

.rel.plt
 *(.rel.plt)

.rela.plt
 *(.rela.plt)

.text           0x00000000      0xc40
 *(.vectors)
 .vectors       0x00000000       0x54 /usr/lib/gcc/avr/3.4.3/../../../../avr/lib/avr5/crtm32.o
                0x00000000                __vectors
                0x00000000                __vector_default
                0x00000054                __ctors_start = .
 *(.ctors)
                0x00000054                __ctors_end = .
                0x00000054                __dtors_start = .
 *(.dtors)
                0x00000054                __dtors_end = .
 *(.progmem.gcc*)
 *(.progmem*)
 .progmem.data  0x00000054       0x15 MessageTimers.o
                0x00000054                switcherTcb
                0x0000005b                flasherTcb
                0x00000062                MonitorTcb
                0x0000006a                . = ALIGN (0x2)
 *fill*         0x00000069        0x1 00
 *(.init0)
 *(.init1)
 *(.init2)
 .init2         0x0000006a        0xc /usr/lib/gcc/avr/3.4.3/../../../../avr/lib/avr5/crtm32.o
 *(.init3)
 *(.init4)
 .init4         0x00000076       0x16 /usr/lib/gcc/avr/3.4.3/avr5/libgcc.a(_copy_data.o)
                0x00000076                __do_copy_data
 .init4         0x0000008c       0x10 /usr/lib/gcc/avr/3.4.3/avr5/libgcc.a(_clear_bss.o)
                0x0000008c                __do_clear_bss
 *(.init5)
 *(.init6)
 *(.init7)
 *(.init8)
 *(.init9)
 .init9         0x0000009c        0x4 /usr/lib/gcc/avr/3.4.3/../../../../avr/lib/avr5/crtm32.o
 *(.text)
 .text          0x000000a0        0x4 /usr/lib/gcc/avr/3.4.3/../../../../avr/lib/avr5/crtm32.o
                0x000000a0                __vector_1
                0x000000a0                __vector_12
                0x000000a0                __bad_interrupt
                0x000000a0                __vector_6
                0x000000a0                __vector_3
                0x000000a0                __vector_17
                0x000000a0                __vector_19
                0x000000a0                __vector_7
                0x000000a0                __vector_5
                0x000000a0                __vector_4
                0x000000a0                __vector_9
                0x000000a0                __vector_2
                0x000000a0                __vector_15
                0x000000a0                __vector_8
                0x000000a0                __vector_10
                0x000000a0                __vector_16
                0x000000a0                __vector_18
                0x000000a0                __vector_20
 .text          0x000000a4       0xe6 MessageTimers.o
                0x000000b4                flasher
                0x000000a4                __vector_11
                0x0000013c                main
                0x00000106                switcher
                0x0000018a                . = ALIGN (0x2)
 *(.text.*)
 .text.avrx.serialio
                0x0000018a      0x162 ../avrx/serialio.o
                0x0000019a                GetChar
                0x000001bc                PutCR
                0x000001c4                _PrintString
                0x000002ae                _PutHex
                0x0000029c                IsWhite
                0x00000220                _GetHex
                0x00000272                GetHexChar
                0x000001e4                InitSerialIO
                0x000001f8                __vector_13
                0x000001c0                PutSpace
                0x000001b8                _GetChar
                0x00000276                IsHex
                0x0000018a                PushChar
                0x0000026a                GetHexWord
                0x000002e8                PutHexByte
                0x0000020c                PutChar
                0x000002e4                PutHexWord
                0x0000026e                GetHexByte
                0x000001ec                __vector_14
 .text.avrx.monitor
                0x000002ec      0x3e8 ../avrx/avrx.a(monitor.o)
                0x00000412                DebugMonitor
                0x00000550                _DumpMemory
                0x000004e4                GetDumpLength
                0x00000682                GetByteWord
                0x000006a4                PutByteWord
                0x000003e4                Monitor
                0x000004ce                GetObjectID
                0x00000590                _ModifyMemory
                0x000004f6                GetFlagsAndAddress
                0x0000060c                _PrintContext
 .text.avrx.avrx_tasking
                0x000006d4      0x1d4 ../avrx/avrx.a(avrx_tasking.o)
                0x000007f6                AvrXRunTask
                0x00000840                AvrXResume
                0x00000770                _Epilog
                0x000007fa                AvrXInitTask
                0x000006d4                IntProlog
                0x000007de                AvrXSetKernelStack
                0x0000085c                _QueuePid
                0x0000076c                Epilog
 .text.avrx.avrx_semaphores
                0x000008a8       0xe2 ../avrx/avrx.a(avrx_semaphores.o)
                0x000008a8                AvrXWaitTimer
                0x000008d6                AvrXSetObjectSemaphore
                0x000008d6                AvrXAckMessage
                0x000008a8                AvrXWaitObjectSemaphore
                0x000008ac                AvrXWaitSemaphore
                0x000008f4                AvrXIntSetSemaphore
                0x00000964                _RemoveObjectAt
                0x000008a8                AvrXWaitMessageAck
                0x000008f0                AvrXIntSetObjectSemaphore
                0x00000958                _RemoveFirstObject
                0x000008a8                AvrXWaitTask
                0x0000092a                _AppendObject
                0x00000946                _RemoveObject
                0x000008da                AvrXSetSemaphore
 .text.avrx.avrx_singlestep
                0x0000098a       0x50 ../avrx/avrx.a(avrx_singlestep.o)
                0x0000098a                AvrXSingleStepNext
                0x000009b4                AvrXStepNext
 .text.avrx.avrx_terminate
                0x000009da       0x2c ../avrx/avrx.a(avrx_terminate.o)
                0x000009da                AvrXTaskExit
                0x000009ea                AvrXTerminate
 .text.avrx.avrx_halt
                0x00000a06        0x4 ../avrx/avrx.a(avrx_halt.o)
                0x00000a06                AvrXHalt
 .text.avrx.avrx_suspend
                0x00000a0a       0x42 ../avrx/avrx.a(avrx_suspend.o)
                0x00000a20                AvrXSuspend
                0x00000a0a                AvrXBreakpoint
 .text.avrx.avrx_message
                0x00000a4c       0x2e ../avrx/avrx.a(avrx_message.o)
                0x00000a56                AvrXIntSendMessage
                0x00000a5e                AvrXWaitMessage
                0x00000a4c                AvrXSendMessage
 .text.avrx.avrx_timequeue
                0x00000a7a       0xe4 ../avrx/avrx.a(avrx_timequeue.o)
                0x00000a7a                AvrXDelay
                0x00000a7e                AvrXStartTimer
                0x00000a86                CountNotZero
                0x00000ad6                AvrXTimerHandler
 .text.avrx.avrx_starttimermessage
                0x00000b5e       0x22 ../avrx/avrx.a(avrx_starttimermessage.o)
                0x00000b5e                AvrXStartTimerMessage
 .text.avrx.avrx_canceltimer
                0x00000b80       0x36 ../avrx/avrx.a(avrx_canceltimer.o)
                0x00000b80                AvrXCancelTimer
 .text.avrx.avrx_eeprom
                0x00000bb6       0x68 ../avrx/avrx.a(avrx_eeprom.o)
                0x00000bb6                AvrXReadEEProm
                0x00000c02                AvrXWriteEEProm
                0x00000bd4                AvrXReadEEPromWord
 .text.avrx.avrx_resetsemaphore
                0x00000c1e       0x22 ../avrx/avrx.a(avrx_resetsemaphore.o)
                0x00000c1e                AvrXResetObjectSemaphore
                0x00000c26                AvrXIntResetSemaphore
                0x00000c26                AvrXResetSemaphore
                0x00000c1e                AvrXIntResetObjectSemaphore
                0x00000c40                . = ALIGN (0x2)
 *(.fini9)
 *(.fini8)
 *(.fini7)
 *(.fini6)
 *(.fini5)
 *(.fini4)
 *(.fini3)
 *(.fini2)
 *(.fini1)
 *(.fini0)
                0x00000c40                _etext = .

.data           0x00800060        0x0 load address 0x00000c40
                0x00800060                PROVIDE (__data_start, .)
 *(.data)
 *(.gnu.linkonce.d*)
                0x00800060                . = ALIGN (0x2)
                0x00800060                _edata = .
                0x00800060                PROVIDE (__data_end, .)

.bss            0x00800060       0xda
                0x00800060                PROVIDE (__bss_start, .)
 *(.bss)
 *(COMMON)
 COMMON         0x00800060       0xc4 MessageTimers.o
                                  0x0 (size before relaxing)
                0x00800060                switcherPid
                0x00800066                MonitorStk
                0x0080009d                flasherPid
                0x008000a3                Timer
                0x008000ab                MyQueue
                0x008000af                SwTimer
                0x008000b5                MonitorPid
                0x008000bb                SwitchMsg
                0x008000c0                switcherStk
                0x008000ed                flasherStk
 COMMON         0x00800124        0x7 ../avrx/serialio.o
                                  0x0 (size before relaxing)
                0x00800124                TxIntFlag
                0x00800126                SioFlags
                0x00800128                RxC_Flag
                0x0080012a                _RxByte
 *fill*         0x0080012b        0x1 00
 COMMON         0x0080012c        0x7 ../avrx/avrx.a(avrx_tasking.o)
                                  0x0 (size before relaxing)
                0x0080012c                AvrXKernelData
 *fill*         0x00800133        0x1 00
 COMMON         0x00800134        0x3 ../avrx/avrx.a(avrx_timequeue.o)
                                  0x0 (size before relaxing)
                0x00800134                _TimerQueue
                0x00800136                _TimQLevel
 *fill*         0x00800137        0x1 00
 COMMON         0x00800138        0x2 ../avrx/avrx.a(avrx_eeprom.o)
                                  0x0 (size before relaxing)
                0x00800138                EEPromMutex
                0x0080013a                PROVIDE (__bss_end, .)
                0x00000c40                __data_load_start = LOADADDR (.data)
                0x00000c40                __data_load_end = (__data_load_start + SIZEOF (.data))

.noinit         0x0080013a        0x0
                0x0080013a                PROVIDE (__noinit_start, .)
 *(.noinit*)
                0x0080013a                PROVIDE (__noinit_end, .)
                0x0080013a                _end = .
                0x0080013a                PROVIDE (__heap_start, .)

.eeprom         0x00810000        0x0 load address 0x00000c40
 *(.eeprom*)
                0x00810000                __eeprom_end = .

.stab           0x00000000     0x47a0
 *(.stab)
 .stab          0x00000000      0x2a0 /usr/lib/gcc/avr/3.4.3/../../../../avr/lib/avr5/crtm32.o
 .stab          0x000002a0      0x5f4 MessageTimers.o
                                0x600 (size before relaxing)
 .stab          0x00000894      0x9d8 ../avrx/serialio.o
                                0x9e4 (size before relaxing)
 .stab          0x0000126c     0x1110 ../avrx/avrx.a(monitor.o)
                               0x111c (size before relaxing)
 .stab          0x0000237c      0xbc4 ../avrx/avrx.a(avrx_tasking.o)
                                0xbd0 (size before relaxing)
 .stab          0x00002f40      0x654 ../avrx/avrx.a(avrx_semaphores.o)
                                0x660 (size before relaxing)
 .stab          0x00003594      0x204 ../avrx/avrx.a(avrx_singlestep.o)
                                0x210 (size before relaxing)
 .stab          0x00003798      0x114 ../avrx/avrx.a(avrx_terminate.o)
                                0x120 (size before relaxing)
 .stab          0x000038ac       0x54 ../avrx/avrx.a(avrx_halt.o)
                                 0x60 (size before relaxing)
 .stab          0x00003900      0x198 ../avrx/avrx.a(avrx_suspend.o)
                                0x1a4 (size before relaxing)
 .stab          0x00003a98      0x168 ../avrx/avrx.a(avrx_message.o)
                                0x174 (size before relaxing)
 .stab          0x00003c00      0x534 ../avrx/avrx.a(avrx_timequeue.o)
                                0x540 (size before relaxing)
 .stab          0x00004134      0x108 ../avrx/avrx.a(avrx_starttimermessage.o)
                                0x114 (size before relaxing)
 .stab          0x0000423c      0x168 ../avrx/avrx.a(avrx_canceltimer.o)
                                0x174 (size before relaxing)
 .stab          0x000043a4      0x2dc ../avrx/avrx.a(avrx_eeprom.o)
                                0x2e8 (size before relaxing)
 .stab          0x00004680      0x120 ../avrx/avrx.a(avrx_resetsemaphore.o)
                                0x12c (size before relaxing)

.stabstr        0x00000000     0x1192
 *(.stabstr)
 .stabstr       0x00000000     0x1192 /usr/lib/gcc/avr/3.4.3/../../../../avr/lib/avr5/crtm32.o
                                  0x0 (size before relaxing)

.stab.excl
 *(.stab.excl)

.stab.exclstr
 *(.stab.exclstr)

.stab.index
 *(.stab.index)

.stab.indexstr
 *(.stab.indexstr)

.comment
 *(.comment)

.debug
 *(.debug)

.line
 *(.line)

.debug_srcinfo
 *(.debug_srcinfo)

.debug_sfnames
 *(.debug_sfnames)

.debug_aranges
 *(.debug_aranges)

.debug_pubnames
 *(.debug_pubnames)

.debug_info
 *(.debug_info)
 *(.gnu.linkonce.wi.*)

.debug_abbrev
 *(.debug_abbrev)

.debug_line
 *(.debug_line)

.debug_frame
 *(.debug_frame)

.debug_str
 *(.debug_str)

.debug_loc
 *(.debug_loc)

.debug_macinfo
 *(.debug_macinfo)
OUTPUT(MessageTimers.elf elf32-avr)

Cross Reference Table

Symbol                                            File
AvrXAckMessage                                    ../avrx/avrx.a(avrx_semaphores.o)
                                                  MessageTimers.o
AvrXBreakpoint                                    ../avrx/avrx.a(avrx_suspend.o)
AvrXCancelTimer                                   ../avrx/avrx.a(avrx_canceltimer.o)
                                                  ../avrx/avrx.a(monitor.o)
AvrXDelay                                         ../avrx/avrx.a(avrx_timequeue.o)
                                                  MessageTimers.o
AvrXHalt                                          ../avrx/avrx.a(avrx_halt.o)
                                                  MessageTimers.o
AvrXInitTask                                      ../avrx/avrx.a(avrx_tasking.o)
                                                  ../avrx/avrx.a(monitor.o)
AvrXIntResetObjectSemaphore                       ../avrx/avrx.a(avrx_resetsemaphore.o)
                                                  ../avrx/avrx.a(avrx_timequeue.o)
AvrXIntResetSemaphore                             ../avrx/avrx.a(avrx_resetsemaphore.o)
AvrXIntSendMessage                                ../avrx/avrx.a(avrx_message.o)
                                                  ../avrx/avrx.a(avrx_timequeue.o)
AvrXIntSetObjectSemaphore                         ../avrx/avrx.a(avrx_semaphores.o)
                                                  ../avrx/avrx.a(avrx_canceltimer.o)
                                                  ../avrx/avrx.a(avrx_timequeue.o)
                                                  ../avrx/avrx.a(avrx_message.o)
AvrXIntSetSemaphore                               ../avrx/avrx.a(avrx_semaphores.o)
                                                  ../avrx/serialio.o
AvrXKernelData                                    ../avrx/avrx.a(avrx_suspend.o)
                                                  ../avrx/avrx.a(avrx_terminate.o)
                                                  ../avrx/avrx.a(avrx_singlestep.o)
                                                  ../avrx/avrx.a(avrx_semaphores.o)
                                                  ../avrx/avrx.a(avrx_tasking.o)
AvrXReadEEProm                                    ../avrx/avrx.a(avrx_eeprom.o)
                                                  ../avrx/avrx.a(monitor.o)
AvrXReadEEPromWord                                ../avrx/avrx.a(avrx_eeprom.o)
                                                  ../avrx/avrx.a(monitor.o)
AvrXResetObjectSemaphore                          ../avrx/avrx.a(avrx_resetsemaphore.o)
                                                  ../avrx/avrx.a(avrx_message.o)
AvrXResetSemaphore                                ../avrx/avrx.a(avrx_resetsemaphore.o)
AvrXResume                                        ../avrx/avrx.a(avrx_tasking.o)
                                                  ../avrx/avrx.a(monitor.o)
AvrXRunTask                                       ../avrx/avrx.a(avrx_tasking.o)
                                                  MessageTimers.o
AvrXSendMessage                                   ../avrx/avrx.a(avrx_message.o)
                                                  ../avrx/avrx.a(avrx_starttimermessage.o)
                                                  MessageTimers.o
AvrXSetKernelStack                                ../avrx/avrx.a(avrx_tasking.o)
                                                  MessageTimers.o
AvrXSetObjectSemaphore                            ../avrx/avrx.a(avrx_semaphores.o)
                                                  ../avrx/avrx.a(avrx_timequeue.o)
AvrXSetSemaphore                                  ../avrx/avrx.a(avrx_semaphores.o)
                                                  ../avrx/avrx.a(avrx_eeprom.o)
                                                  ../avrx/avrx.a(monitor.o)
                                                  MessageTimers.o
AvrXSingleStepNext                                ../avrx/avrx.a(avrx_singlestep.o)
AvrXStartTimer                                    ../avrx/avrx.a(avrx_timequeue.o)
AvrXStartTimerMessage                             ../avrx/avrx.a(avrx_starttimermessage.o)
                                                  MessageTimers.o
AvrXStepNext                                      ../avrx/avrx.a(avrx_singlestep.o)
                                                  ../avrx/avrx.a(monitor.o)
AvrXSuspend                                       ../avrx/avrx.a(avrx_suspend.o)
                                                  ../avrx/avrx.a(monitor.o)
AvrXTaskExit                                      ../avrx/avrx.a(avrx_terminate.o)
AvrXTerminate                                     ../avrx/avrx.a(avrx_terminate.o)
                                                  ../avrx/avrx.a(monitor.o)
AvrXTimerHandler                                  ../avrx/avrx.a(avrx_timequeue.o)
                                                  MessageTimers.o
AvrXWaitMessage                                   ../avrx/avrx.a(avrx_message.o)
                                                  MessageTimers.o
AvrXWaitMessageAck                                ../avrx/avrx.a(avrx_semaphores.o)
                                                  MessageTimers.o
AvrXWaitObjectSemaphore                           ../avrx/avrx.a(avrx_semaphores.o)
                                                  ../avrx/avrx.a(avrx_message.o)
AvrXWaitSemaphore                                 ../avrx/avrx.a(avrx_semaphores.o)
                                                  ../avrx/avrx.a(avrx_eeprom.o)
                                                  ../avrx/serialio.o
AvrXWaitTask                                      ../avrx/avrx.a(avrx_semaphores.o)
AvrXWaitTimer                                     ../avrx/avrx.a(avrx_semaphores.o)
                                                  ../avrx/avrx.a(avrx_timequeue.o)
AvrXWriteEEProm                                   ../avrx/avrx.a(avrx_eeprom.o)
                                                  ../avrx/avrx.a(monitor.o)
CountNotZero                                      ../avrx/avrx.a(avrx_timequeue.o)
                                                  ../avrx/avrx.a(avrx_starttimermessage.o)
DebugMonitor                                      ../avrx/avrx.a(monitor.o)
EEPromMutex                                       ../avrx/avrx.a(avrx_eeprom.o)
                                                  ../avrx/avrx.a(monitor.o)
                                                  MessageTimers.o
Epilog                                            ../avrx/avrx.a(avrx_tasking.o)
                                                  MessageTimers.o
GetByteWord                                       ../avrx/avrx.a(monitor.o)
GetChar                                           ../avrx/serialio.o
GetDumpLength                                     ../avrx/avrx.a(monitor.o)
GetFlagsAndAddress                                ../avrx/avrx.a(monitor.o)
GetHexByte                                        ../avrx/serialio.o
                                                  ../avrx/avrx.a(monitor.o)
GetHexChar                                        ../avrx/serialio.o
GetHexWord                                        ../avrx/serialio.o
                                                  ../avrx/avrx.a(monitor.o)
GetObjectID                                       ../avrx/avrx.a(monitor.o)
InitSerialIO                                      ../avrx/serialio.o
                                                  MessageTimers.o
IntProlog                                         ../avrx/avrx.a(avrx_tasking.o)
                                                  ../avrx/avrx.a(avrx_canceltimer.o)
                                                  ../avrx/avrx.a(avrx_timequeue.o)
                                                  ../avrx/avrx.a(avrx_message.o)
                                                  ../avrx/avrx.a(avrx_suspend.o)
                                                  ../avrx/avrx.a(avrx_terminate.o)
                                                  ../avrx/avrx.a(avrx_singlestep.o)
                                                  ../avrx/avrx.a(avrx_semaphores.o)
                                                  ../avrx/serialio.o
                                                  MessageTimers.o
IsHex                                             ../avrx/serialio.o
IsWhite                                           ../avrx/serialio.o
                                                  ../avrx/avrx.a(monitor.o)
Monitor                                           ../avrx/avrx.a(monitor.o)
                                                  MessageTimers.o
MonitorPid                                        MessageTimers.o
MonitorStk                                        MessageTimers.o
MonitorTcb                                        MessageTimers.o
MyQueue                                           MessageTimers.o
PushChar                                          ../avrx/serialio.o
PutByteWord                                       ../avrx/avrx.a(monitor.o)
PutCR                                             ../avrx/serialio.o
                                                  ../avrx/avrx.a(monitor.o)
PutChar                                           ../avrx/serialio.o
                                                  ../avrx/avrx.a(monitor.o)
PutHexByte                                        ../avrx/serialio.o
                                                  ../avrx/avrx.a(monitor.o)
PutHexWord                                        ../avrx/serialio.o
                                                  ../avrx/avrx.a(monitor.o)
PutSpace                                          ../avrx/serialio.o
                                                  ../avrx/avrx.a(monitor.o)
RxC_Flag                                          ../avrx/serialio.o
SioFlags                                          ../avrx/serialio.o
SwTimer                                           MessageTimers.o
SwitchMsg                                         MessageTimers.o
Timer                                             MessageTimers.o
TxIntFlag                                         ../avrx/serialio.o
_AppendObject                                     ../avrx/avrx.a(avrx_semaphores.o)
                                                  ../avrx/avrx.a(avrx_message.o)
_DumpMemory                                       ../avrx/avrx.a(monitor.o)
_Epilog                                           ../avrx/avrx.a(avrx_tasking.o)
                                                  ../avrx/avrx.a(avrx_canceltimer.o)
                                                  ../avrx/avrx.a(avrx_timequeue.o)
                                                  ../avrx/avrx.a(avrx_message.o)
                                                  ../avrx/avrx.a(avrx_suspend.o)
                                                  ../avrx/avrx.a(avrx_terminate.o)
                                                  ../avrx/avrx.a(avrx_singlestep.o)
                                                  ../avrx/avrx.a(avrx_semaphores.o)
                                                  ../avrx/serialio.o
_GetChar                                          ../avrx/serialio.o
                                                  ../avrx/avrx.a(monitor.o)
_GetHex                                           ../avrx/serialio.o
_ModifyMemory                                     ../avrx/avrx.a(monitor.o)
_PrintContext                                     ../avrx/avrx.a(monitor.o)
_PrintString                                      ../avrx/serialio.o
                                                  ../avrx/avrx.a(monitor.o)
_PutHex                                           ../avrx/serialio.o
_QueuePid                                         ../avrx/avrx.a(avrx_tasking.o)
                                                  ../avrx/avrx.a(avrx_singlestep.o)
                                                  ../avrx/avrx.a(avrx_semaphores.o)
_RemoveFirstObject                                ../avrx/avrx.a(avrx_semaphores.o)
                                                  ../avrx/avrx.a(avrx_message.o)
_RemoveObject                                     ../avrx/avrx.a(avrx_semaphores.o)
                                                  ../avrx/avrx.a(avrx_canceltimer.o)
                                                  ../avrx/avrx.a(avrx_suspend.o)
                                                  ../avrx/avrx.a(avrx_terminate.o)
_RemoveObjectAt                                   ../avrx/avrx.a(avrx_semaphores.o)
_RxByte                                           ../avrx/avrx.a(monitor.o)
                                                  ../avrx/serialio.o
_TimQLevel                                        ../avrx/avrx.a(avrx_timequeue.o)
_TimerQueue                                       ../avrx/avrx.a(avrx_canceltimer.o)
                                                  ../avrx/avrx.a(avrx_timequeue.o)
__bad_interrupt                                   /usr/lib/gcc/avr/3.4.3/../../../../avr/lib/avr5/crtm32.o
__bss_end                                         /usr/lib/gcc/avr/3.4.3/avr5/libgcc.a(_clear_bss.o)
__bss_start                                       /usr/lib/gcc/avr/3.4.3/avr5/libgcc.a(_clear_bss.o)
__data_end                                        /usr/lib/gcc/avr/3.4.3/avr5/libgcc.a(_copy_data.o)
__data_load_start                                 /usr/lib/gcc/avr/3.4.3/avr5/libgcc.a(_copy_data.o)
__data_start                                      /usr/lib/gcc/avr/3.4.3/avr5/libgcc.a(_copy_data.o)
__do_clear_bss                                    /usr/lib/gcc/avr/3.4.3/avr5/libgcc.a(_clear_bss.o)
                                                  MessageTimers.o
__do_copy_data                                    /usr/lib/gcc/avr/3.4.3/avr5/libgcc.a(_copy_data.o)
                                                  MessageTimers.o
__heap_end                                        /usr/lib/gcc/avr/3.4.3/../../../../avr/lib/avr5/crtm32.o
__init                                            /usr/lib/gcc/avr/3.4.3/../../../../avr/lib/avr5/crtm32.o
__stack                                           /usr/lib/gcc/avr/3.4.3/../../../../avr/lib/avr5/crtm32.o
                                                  MessageTimers.o
__vector_1                                        /usr/lib/gcc/avr/3.4.3/../../../../avr/lib/avr5/crtm32.o
__vector_10                                       /usr/lib/gcc/avr/3.4.3/../../../../avr/lib/avr5/crtm32.o
__vector_11                                       MessageTimers.o
                                                  /usr/lib/gcc/avr/3.4.3/../../../../avr/lib/avr5/crtm32.o
__vector_12                                       /usr/lib/gcc/avr/3.4.3/../../../../avr/lib/avr5/crtm32.o
__vector_13                                       ../avrx/serialio.o
                                                  /usr/lib/gcc/avr/3.4.3/../../../../avr/lib/avr5/crtm32.o
__vector_14                                       ../avrx/serialio.o
                                                  /usr/lib/gcc/avr/3.4.3/../../../../avr/lib/avr5/crtm32.o
__vector_15                                       /usr/lib/gcc/avr/3.4.3/../../../../avr/lib/avr5/crtm32.o
__vector_16                                       /usr/lib/gcc/avr/3.4.3/../../../../avr/lib/avr5/crtm32.o
__vector_17                                       /usr/lib/gcc/avr/3.4.3/../../../../avr/lib/avr5/crtm32.o
__vector_18                                       /usr/lib/gcc/avr/3.4.3/../../../../avr/lib/avr5/crtm32.o
__vector_19                                       /usr/lib/gcc/avr/3.4.3/../../../../avr/lib/avr5/crtm32.o
__vector_2                                        /usr/lib/gcc/avr/3.4.3/../../../../avr/lib/avr5/crtm32.o
__vector_20                                       /usr/lib/gcc/avr/3.4.3/../../../../avr/lib/avr5/crtm32.o
__vector_3                                        /usr/lib/gcc/avr/3.4.3/../../../../avr/lib/avr5/crtm32.o
__vector_4                                        /usr/lib/gcc/avr/3.4.3/../../../../avr/lib/avr5/crtm32.o
__vector_5                                        /usr/lib/gcc/avr/3.4.3/../../../../avr/lib/avr5/crtm32.o
__vector_6                                        /usr/lib/gcc/avr/3.4.3/../../../../avr/lib/avr5/crtm32.o
__vector_7                                        /usr/lib/gcc/avr/3.4.3/../../../../avr/lib/avr5/crtm32.o
__vector_8                                        /usr/lib/gcc/avr/3.4.3/../../../../avr/lib/avr5/crtm32.o
__vector_9                                        /usr/lib/gcc/avr/3.4.3/../../../../avr/lib/avr5/crtm32.o
__vector_default                                  /usr/lib/gcc/avr/3.4.3/../../../../avr/lib/avr5/crtm32.o
__vectors                                         /usr/lib/gcc/avr/3.4.3/../../../../avr/lib/avr5/crtm32.o
flasher                                           MessageTimers.o
flasherPid                                        MessageTimers.o
flasherStk                                        MessageTimers.o
flasherTcb                                        MessageTimers.o
main                                              MessageTimers.o
                                                  /usr/lib/gcc/avr/3.4.3/../../../../avr/lib/avr5/crtm32.o
switcher                                          MessageTimers.o
switcherPid                                       MessageTimers.o
switcherStk                                       MessageTimers.o
switcherTcb                                       MessageTimers.o
