Archive member included because of file (symbol)

../avrx/avrx.a(monitor.o)     MessageTimersAlt.o (Monitor)
../avrx/avrx.a(avrx_tasking.o)
                              MessageTimersAlt.o (IntProlog)
../avrx/avrx.a(avrx_semaphores.o)
                              MessageTimersAlt.o (AvrXWaitMessageAck)
../avrx/avrx.a(avrx_singlestep.o)
                              ../avrx/avrx.a(monitor.o) (AvrXStepNext)
../avrx/avrx.a(avrx_terminate.o)
                              ../avrx/avrx.a(monitor.o) (AvrXTerminate)
../avrx/avrx.a(avrx_halt.o)   MessageTimersAlt.o (AvrXHalt)
../avrx/avrx.a(avrx_suspend.o)
                              ../avrx/avrx.a(monitor.o) (AvrXSuspend)
../avrx/avrx.a(avrx_message.o)
                              MessageTimersAlt.o (AvrXSendMessage)
../avrx/avrx.a(avrx_timequeue.o)
                              MessageTimersAlt.o (AvrXDelay)
../avrx/avrx.a(avrx_starttimermessage.o)
                              MessageTimersAlt.o (AvrXStartTimerMessage)
../avrx/avrx.a(avrx_canceltimer.o)
                              ../avrx/avrx.a(monitor.o) (AvrXCancelTimer)
../avrx/avrx.a(avrx_canceltimermessage.o)
                              MessageTimersAlt.o (AvrXCancelTimerMessage)
../avrx/avrx.a(avrx_eeprom.o)
                              MessageTimersAlt.o (EEPromMutex)
../avrx/avrx.a(avrx_resetsemaphore.o)
                              ../avrx/avrx.a(avrx_timequeue.o) (AvrXIntResetObjectSemaphore)
/usr/lib/gcc/avr/3.4.3/avr5/libgcc.a(_exit.o)
                              MessageTimersAlt.o (exit)
/usr/lib/gcc/avr/3.4.3/avr5/libgcc.a(_copy_data.o)
                              MessageTimersAlt.o (__do_copy_data)
/usr/lib/gcc/avr/3.4.3/avr5/libgcc.a(_clear_bss.o)
                              MessageTimersAlt.o (__do_clear_bss)

Allocating common symbols
Common symbol       size              file

_TimerQueue         0x2               ../avrx/avrx.a(avrx_timequeue.o)
TxIntFlag           0x2               ../avrx/serialio.o
_TimQLevel          0x1               ../avrx/avrx.a(avrx_timequeue.o)
switcherPid         0x6               MessageTimersAlt.o
MonitorStk          0x37              MessageTimersAlt.o
AvrXKernelData      0x7               ../avrx/avrx.a(avrx_tasking.o)
flasherPid          0x6               MessageTimersAlt.o
Timer               0x8               MessageTimersAlt.o
MyQueue             0x4               MessageTimersAlt.o
SioFlags            0x1               ../avrx/serialio.o
SwTimer             0x6               MessageTimersAlt.o
MonitorPid          0x6               MessageTimersAlt.o
EEPromMutex         0x2               ../avrx/avrx.a(avrx_eeprom.o)
SwitchMsg           0x5               MessageTimersAlt.o
RxC_Flag            0x2               ../avrx/serialio.o
switcherStk         0x2d              MessageTimersAlt.o
_RxByte             0x1               ../avrx/serialio.o
flasherStk          0x37              MessageTimersAlt.o

Memory Configuration

Name             Origin             Length             Attributes
text             0x00000000         0x00020000         xr
data             0x00800060         0x0000ffa0         rw !x
eeprom           0x00810000         0x00010000         rw !x
*default*        0x00000000         0xffffffff

Linker script and memory map

LOAD /usr/lib/gcc/avr/3.4.3/../../../../avr/lib/avr5/crtm32.o
LOAD MessageTimersAlt.o
LOAD ../avrx/serialio.o
LOAD ../avrx/avrx.a
LOAD /usr/lib/gcc/avr/3.4.3/../../../../avr/lib/avr5/libm.a
LOAD /usr/lib/gcc/avr/3.4.3/avr5/libgcc.a
LOAD /usr/lib/gcc/avr/3.4.3/../../../../avr/lib/avr5/libc.a
LOAD /usr/lib/gcc/avr/3.4.3/avr5/libgcc.a

.hash
 *(.hash)

.dynsym
 *(.dynsym)

.dynstr
 *(.dynstr)

.gnu.version
 *(.gnu.version)

.gnu.version_d
 *(.gnu.version_d)

.gnu.version_r
 *(.gnu.version_r)

.rel.init
 *(.rel.init)

.rela.init
 *(.rela.init)

.rel.text
 *(.rel.text)
 *(.rel.text.*)
 *(.rel.gnu.linkonce.t*)

.rela.text
 *(.rela.text)
 *(.rela.text.*)
 *(.rela.gnu.linkonce.t*)

.rel.fini
 *(.rel.fini)

.rela.fini
 *(.rela.fini)

.rel.rodata
 *(.rel.rodata)
 *(.rel.rodata.*)
 *(.rel.gnu.linkonce.r*)

.rela.rodata
 *(.rela.rodata)
 *(.rela.rodata.*)
 *(.rela.gnu.linkonce.r*)

.rel.data
 *(.rel.data)
 *(.rel.data.*)
 *(.rel.gnu.linkonce.d*)

.rela.data
 *(.rela.data)
 *(.rela.data.*)
 *(.rela.gnu.linkonce.d*)

.rel.ctors
 *(.rel.ctors)

.rela.ctors
 *(.rela.ctors)

.rel.dtors
 *(.rel.dtors)

.rela.dtors
 *(.rela.dtors)

.rel.got
 *(.rel.got)

.rela.got
 *(.rela.got)

.rel.bss
 *(.rel.bss)

.rela.bss
 *(.rela.bss)

.rel.plt
 *(.rel.plt)

.rela.plt
 *(.rela.plt)

.text           0x00000000      0xc9a
 *(.vectors)
 .vectors       0x00000000       0x54 /usr/lib/gcc/avr/3.4.3/../../../../avr/lib/avr5/crtm32.o
                0x00000000                __vectors
                0x00000000                __vector_default
                0x00000054                __ctors_start = .
 *(.ctors)
                0x00000054                __ctors_end = .
                0x00000054                __dtors_start = .
 *(.dtors)
                0x00000054                __dtors_end = .
 *(.progmem.gcc*)
 *(.progmem*)
 .progmem.data  0x00000054       0x15 MessageTimersAlt.o
                0x00000054                switcherTcb
                0x0000005b                flasherTcb
                0x00000062                MonitorTcb
                0x0000006a                . = ALIGN (0x2)
 *fill*         0x00000069        0x1 00
 *(.init0)
 *(.init1)
 *(.init2)
 .init2         0x0000006a        0xc /usr/lib/gcc/avr/3.4.3/../../../../avr/lib/avr5/crtm32.o
 *(.init3)
 *(.init4)
 .init4         0x00000076       0x16 /usr/lib/gcc/avr/3.4.3/avr5/libgcc.a(_copy_data.o)
                0x00000076                __do_copy_data
 .init4         0x0000008c       0x10 /usr/lib/gcc/avr/3.4.3/avr5/libgcc.a(_clear_bss.o)
                0x0000008c                __do_clear_bss
 *(.init5)
 *(.init6)
 *(.init7)
 *(.init8)
 *(.init9)
 .init9         0x0000009c        0x4 /usr/lib/gcc/avr/3.4.3/../../../../avr/lib/avr5/crtm32.o
 *(.text)
 .text          0x000000a0        0x4 /usr/lib/gcc/avr/3.4.3/../../../../avr/lib/avr5/crtm32.o
                0x000000a0                __vector_1
                0x000000a0                __vector_12
                0x000000a0                __bad_interrupt
                0x000000a0                __vector_6
                0x000000a0                __vector_3
                0x000000a0                __vector_17
                0x000000a0                __vector_19
                0x000000a0                __vector_7
                0x000000a0                __vector_5
                0x000000a0                __vector_4
                0x000000a0                __vector_9
                0x000000a0                __vector_2
                0x000000a0                __vector_15
                0x000000a0                __vector_8
                0x000000a0                __vector_10
                0x000000a0                __vector_16
                0x000000a0                __vector_18
                0x000000a0                __vector_20
 .text          0x000000a4       0xfe MessageTimersAlt.o
                0x000000b4                flasher
                0x000000a4                __vector_11
                0x0000014e                main
                0x00000118                switcher
                0x000001a2                . = ALIGN (0x2)
 *(.text.*)
 .text.avrx.serialio
                0x000001a2      0x162 ../avrx/serialio.o
                0x000001b2                GetChar
                0x000001d4                PutCR
                0x000001dc                _PrintString
                0x000002c6                _PutHex
                0x000002b4                IsWhite
                0x00000238                _GetHex
                0x0000028a                GetHexChar
                0x000001fc                InitSerialIO
                0x00000210                __vector_13
                0x000001d8                PutSpace
                0x000001d0                _GetChar
                0x0000028e                IsHex
                0x000001a2                PushChar
                0x00000282                GetHexWord
                0x00000300                PutHexByte
                0x00000224                PutChar
                0x000002fc                PutHexWord
                0x00000286                GetHexByte
                0x00000204                __vector_14
 .text.avrx.monitor
                0x00000304      0x3e8 ../avrx/avrx.a(monitor.o)
                0x0000042a                DebugMonitor
                0x00000568                _DumpMemory
                0x000004fc                GetDumpLength
                0x0000069a                GetByteWord
                0x000006bc                PutByteWord
                0x000003fc                Monitor
                0x000004e6                GetObjectID
                0x000005a8                _ModifyMemory
                0x0000050e                GetFlagsAndAddress
                0x00000624                _PrintContext
 .text.avrx.avrx_tasking
                0x000006ec      0x1d4 ../avrx/avrx.a(avrx_tasking.o)
                0x0000080e                AvrXRunTask
                0x00000858                AvrXResume
                0x00000788                _Epilog
                0x00000812                AvrXInitTask
                0x000006ec                IntProlog
                0x000007f6                AvrXSetKernelStack
                0x00000874                _QueuePid
                0x00000784                Epilog
 .text.avrx.avrx_semaphores
                0x000008c0       0xe2 ../avrx/avrx.a(avrx_semaphores.o)
                0x000008c0                AvrXWaitTimer
                0x000008ee                AvrXSetObjectSemaphore
                0x000008ee                AvrXAckMessage
                0x000008c0                AvrXWaitObjectSemaphore
                0x000008c4                AvrXWaitSemaphore
                0x0000090c                AvrXIntSetSemaphore
                0x0000097c                _RemoveObjectAt
                0x000008c0                AvrXWaitMessageAck
                0x00000908                AvrXIntSetObjectSemaphore
                0x00000970                _RemoveFirstObject
                0x000008c0                AvrXWaitTask
                0x00000942                _AppendObject
                0x0000095e                _RemoveObject
                0x000008f2                AvrXSetSemaphore
 .text.avrx.avrx_singlestep
                0x000009a2       0x50 ../avrx/avrx.a(avrx_singlestep.o)
                0x000009a2                AvrXSingleStepNext
                0x000009cc                AvrXStepNext
 .text.avrx.avrx_terminate
                0x000009f2       0x2c ../avrx/avrx.a(avrx_terminate.o)
                0x000009f2                AvrXTaskExit
                0x00000a02                AvrXTerminate
 .text.avrx.avrx_halt
                0x00000a1e        0x4 ../avrx/avrx.a(avrx_halt.o)
                0x00000a1e                AvrXHalt
 .text.avrx.avrx_suspend
                0x00000a22       0x42 ../avrx/avrx.a(avrx_suspend.o)
                0x00000a38                AvrXSuspend
                0x00000a22                AvrXBreakpoint
 .text.avrx.avrx_message
                0x00000a64       0x2e ../avrx/avrx.a(avrx_message.o)
                0x00000a6e                AvrXIntSendMessage
                0x00000a76                AvrXWaitMessage
                0x00000a64                AvrXSendMessage
 .text.avrx.avrx_timequeue
                0x00000a92       0xe4 ../avrx/avrx.a(avrx_timequeue.o)
                0x00000a92                AvrXDelay
                0x00000a96                AvrXStartTimer
                0x00000a9e                CountNotZero
                0x00000aee                AvrXTimerHandler
 .text.avrx.avrx_starttimermessage
                0x00000b76       0x22 ../avrx/avrx.a(avrx_starttimermessage.o)
                0x00000b76                AvrXStartTimerMessage
 .text.avrx.avrx_canceltimer
                0x00000b98       0x36 ../avrx/avrx.a(avrx_canceltimer.o)
                0x00000b98                AvrXCancelTimer
 .text.avrx.avrx_canceltimermessage
                0x00000bce       0x40 ../avrx/avrx.a(avrx_canceltimermessage.o)
                0x00000bce                AvrXCancelTimerMessage
 .text.avrx.avrx_eeprom
                0x00000c0e       0x68 ../avrx/avrx.a(avrx_eeprom.o)
                0x00000c0e                AvrXReadEEProm
                0x00000c5a                AvrXWriteEEProm
                0x00000c2c                AvrXReadEEPromWord
 .text.avrx.avrx_resetsemaphore
                0x00000c76       0x22 ../avrx/avrx.a(avrx_resetsemaphore.o)
                0x00000c76                AvrXResetObjectSemaphore
                0x00000c7e                AvrXIntResetSemaphore
                0x00000c7e                AvrXResetSemaphore
                0x00000c76                AvrXIntResetObjectSemaphore
                0x00000c98                . = ALIGN (0x2)
 *(.fini9)
 *(.fini8)
 *(.fini7)
 *(.fini6)
 *(.fini5)
 *(.fini4)
 *(.fini3)
 *(.fini2)
 *(.fini1)
 *(.fini0)
 .fini0         0x00000c98        0x2 /usr/lib/gcc/avr/3.4.3/avr5/libgcc.a(_exit.o)
                0x00000c9a                _etext = .

.data           0x00800060        0x0 load address 0x00000c9a
                0x00800060                PROVIDE (__data_start, .)
 *(.data)
 *(.gnu.linkonce.d*)
                0x00800060                . = ALIGN (0x2)
                0x00800060                _edata = .
                0x00800060                PROVIDE (__data_end, .)

.bss            0x00800060       0xda
                0x00800060                PROVIDE (__bss_start, .)
 *(.bss)
 *(COMMON)
 COMMON         0x00800060       0xc4 MessageTimersAlt.o
                                  0x0 (size before relaxing)
                0x00800060                switcherPid
                0x00800066                MonitorStk
                0x0080009d                flasherPid
                0x008000a3                Timer
                0x008000ab                MyQueue
                0x008000af                SwTimer
                0x008000b5                MonitorPid
                0x008000bb                SwitchMsg
                0x008000c0                switcherStk
                0x008000ed                flasherStk
 COMMON         0x00800124        0x7 ../avrx/serialio.o
                                  0x0 (size before relaxing)
                0x00800124                TxIntFlag
                0x00800126                SioFlags
                0x00800128                RxC_Flag
                0x0080012a                _RxByte
 *fill*         0x0080012b        0x1 00
 COMMON         0x0080012c        0x7 ../avrx/avrx.a(avrx_tasking.o)
                                  0x0 (size before relaxing)
                0x0080012c                AvrXKernelData
 *fill*         0x00800133        0x1 00
 COMMON         0x00800134        0x3 ../avrx/avrx.a(avrx_timequeue.o)
                                  0x0 (size before relaxing)
                0x00800134                _TimerQueue
                0x00800136                _TimQLevel
 *fill*         0x00800137        0x1 00
 COMMON         0x00800138        0x2 ../avrx/avrx.a(avrx_eeprom.o)
                                  0x0 (size before relaxing)
                0x00800138                EEPromMutex
                0x0080013a                PROVIDE (__bss_end, .)
                0x00000c9a                __data_load_start = LOADADDR (.data)
                0x00000c9a                __data_load_end = (__data_load_start + SIZEOF (.data))

.noinit         0x0080013a        0x0
                0x0080013a                PROVIDE (__noinit_start, .)
 *(.noinit*)
                0x0080013a                PROVIDE (__noinit_end, .)
                0x0080013a                _end = .
                0x0080013a                PROVIDE (__heap_start, .)

.eeprom         0x00810000        0x0 load address 0x00000c9a
 *(.eeprom*)
                0x00810000                __eeprom_end = .

.stab           0x00000000     0x4950
 *(.stab)
 .stab          0x00000000      0x2a0 /usr/lib/gcc/avr/3.4.3/../../../../avr/lib/avr5/crtm32.o
 .stab          0x000002a0      0x600 MessageTimersAlt.o
                                0x60c (size before relaxing)
 .stab          0x000008a0      0x9d8 ../avrx/serialio.o
                                0x9e4 (size before relaxing)
 .stab          0x00001278     0x1110 ../avrx/avrx.a(monitor.o)
                               0x111c (size before relaxing)
 .stab          0x00002388      0xbc4 ../avrx/avrx.a(avrx_tasking.o)
                                0xbd0 (size before relaxing)
 .stab          0x00002f4c      0x654 ../avrx/avrx.a(avrx_semaphores.o)
                                0x660 (size before relaxing)
 .stab          0x000035a0      0x204 ../avrx/avrx.a(avrx_singlestep.o)
                                0x210 (size before relaxing)
 .stab          0x000037a4      0x114 ../avrx/avrx.a(avrx_terminate.o)
                                0x120 (size before relaxing)
 .stab          0x000038b8       0x54 ../avrx/avrx.a(avrx_halt.o)
                                 0x60 (size before relaxing)
 .stab          0x0000390c      0x198 ../avrx/avrx.a(avrx_suspend.o)
                                0x1a4 (size before relaxing)
 .stab          0x00003aa4      0x168 ../avrx/avrx.a(avrx_message.o)
                                0x174 (size before relaxing)
 .stab          0x00003c0c      0x534 ../avrx/avrx.a(avrx_timequeue.o)
                                0x540 (size before relaxing)
 .stab          0x00004140      0x108 ../avrx/avrx.a(avrx_starttimermessage.o)
                                0x114 (size before relaxing)
 .stab          0x00004248      0x168 ../avrx/avrx.a(avrx_canceltimer.o)
                                0x174 (size before relaxing)
 .stab          0x000043b0      0x1a4 ../avrx/avrx.a(avrx_canceltimermessage.o)
                                0x1b0 (size before relaxing)
 .stab          0x00004554      0x2dc ../avrx/avrx.a(avrx_eeprom.o)
                                0x2e8 (size before relaxing)
 .stab          0x00004830      0x120 ../avrx/avrx.a(avrx_resetsemaphore.o)
                                0x12c (size before relaxing)

.stabstr        0x00000000     0x11d9
 *(.stabstr)
 .stabstr       0x00000000     0x11d9 /usr/lib/gcc/avr/3.4.3/../../../../avr/lib/avr5/crtm32.o
                                  0x0 (size before relaxing)

.stab.excl
 *(.stab.excl)

.stab.exclstr
 *(.stab.exclstr)

.stab.index
 *(.stab.index)

.stab.indexstr
 *(.stab.indexstr)

.comment
 *(.comment)

.debug
 *(.debug)

.line
 *(.line)

.debug_srcinfo
 *(.debug_srcinfo)

.debug_sfnames
 *(.debug_sfnames)

.debug_aranges
 *(.debug_aranges)

.debug_pubnames
 *(.debug_pubnames)

.debug_info
 *(.debug_info)
 *(.gnu.linkonce.wi.*)

.debug_abbrev
 *(.debug_abbrev)

.debug_line
 *(.debug_line)

.debug_frame
 *(.debug_frame)

.debug_str
 *(.debug_str)

.debug_loc
 *(.debug_loc)

.debug_macinfo
 *(.debug_macinfo)
OUTPUT(MessageTimersAlt.elf elf32-avr)

Cross Reference Table

Symbol                                            File
AvrXAckMessage                                    ../avrx/avrx.a(avrx_semaphores.o)
                                                  MessageTimersAlt.o
AvrXBreakpoint                                    ../avrx/avrx.a(avrx_suspend.o)
AvrXCancelTimer                                   ../avrx/avrx.a(avrx_canceltimer.o)
                                                  ../avrx/avrx.a(monitor.o)
AvrXCancelTimerMessage                            ../avrx/avrx.a(avrx_canceltimermessage.o)
                                                  MessageTimersAlt.o
AvrXDelay                                         ../avrx/avrx.a(avrx_timequeue.o)
                                                  MessageTimersAlt.o
AvrXHalt                                          ../avrx/avrx.a(avrx_halt.o)
                                                  MessageTimersAlt.o
AvrXInitTask                                      ../avrx/avrx.a(avrx_tasking.o)
                                                  ../avrx/avrx.a(monitor.o)
AvrXIntResetObjectSemaphore                       ../avrx/avrx.a(avrx_resetsemaphore.o)
                                                  ../avrx/avrx.a(avrx_timequeue.o)
AvrXIntResetSemaphore                             ../avrx/avrx.a(avrx_resetsemaphore.o)
AvrXIntSendMessage                                ../avrx/avrx.a(avrx_message.o)
                                                  ../avrx/avrx.a(avrx_timequeue.o)
AvrXIntSetObjectSemaphore                         ../avrx/avrx.a(avrx_semaphores.o)
                                                  ../avrx/avrx.a(avrx_canceltimer.o)
                                                  ../avrx/avrx.a(avrx_timequeue.o)
                                                  ../avrx/avrx.a(avrx_message.o)
AvrXIntSetSemaphore                               ../avrx/avrx.a(avrx_semaphores.o)
                                                  ../avrx/serialio.o
AvrXKernelData                                    ../avrx/avrx.a(avrx_suspend.o)
                                                  ../avrx/avrx.a(avrx_terminate.o)
                                                  ../avrx/avrx.a(avrx_singlestep.o)
                                                  ../avrx/avrx.a(avrx_semaphores.o)
                                                  ../avrx/avrx.a(avrx_tasking.o)
AvrXReadEEProm                                    ../avrx/avrx.a(avrx_eeprom.o)
                                                  ../avrx/avrx.a(monitor.o)
AvrXReadEEPromWord                                ../avrx/avrx.a(avrx_eeprom.o)
                                                  ../avrx/avrx.a(monitor.o)
AvrXResetObjectSemaphore                          ../avrx/avrx.a(avrx_resetsemaphore.o)
                                                  ../avrx/avrx.a(avrx_message.o)
AvrXResetSemaphore                                ../avrx/avrx.a(avrx_resetsemaphore.o)
AvrXResume                                        ../avrx/avrx.a(avrx_tasking.o)
                                                  ../avrx/avrx.a(monitor.o)
AvrXRunTask                                       ../avrx/avrx.a(avrx_tasking.o)
                                                  MessageTimersAlt.o
AvrXSendMessage                                   ../avrx/avrx.a(avrx_message.o)
                                                  ../avrx/avrx.a(avrx_starttimermessage.o)
                                                  MessageTimersAlt.o
AvrXSetKernelStack                                ../avrx/avrx.a(avrx_tasking.o)
                                                  MessageTimersAlt.o
AvrXSetObjectSemaphore                            ../avrx/avrx.a(avrx_semaphores.o)
                                                  ../avrx/avrx.a(avrx_timequeue.o)
AvrXSetSemaphore                                  ../avrx/avrx.a(avrx_semaphores.o)
                                                  ../avrx/avrx.a(avrx_eeprom.o)
                                                  ../avrx/avrx.a(monitor.o)
                                                  MessageTimersAlt.o
AvrXSingleStepNext                                ../avrx/avrx.a(avrx_singlestep.o)
AvrXStartTimer                                    ../avrx/avrx.a(avrx_timequeue.o)
AvrXStartTimerMessage                             ../avrx/avrx.a(avrx_starttimermessage.o)
                                                  MessageTimersAlt.o
AvrXStepNext                                      ../avrx/avrx.a(avrx_singlestep.o)
                                                  ../avrx/avrx.a(monitor.o)
AvrXSuspend                                       ../avrx/avrx.a(avrx_suspend.o)
                                                  ../avrx/avrx.a(monitor.o)
AvrXTaskExit                                      ../avrx/avrx.a(avrx_terminate.o)
AvrXTerminate                                     ../avrx/avrx.a(avrx_terminate.o)
                                                  ../avrx/avrx.a(monitor.o)
AvrXTimerHandler                                  ../avrx/avrx.a(avrx_timequeue.o)
                                                  MessageTimersAlt.o
AvrXWaitMessage                                   ../avrx/avrx.a(avrx_message.o)
                                                  MessageTimersAlt.o
AvrXWaitMessageAck                                ../avrx/avrx.a(avrx_semaphores.o)
                                                  MessageTimersAlt.o
AvrXWaitObjectSemaphore                           ../avrx/avrx.a(avrx_semaphores.o)
                                                  ../avrx/avrx.a(avrx_message.o)
AvrXWaitSemaphore                                 ../avrx/avrx.a(avrx_semaphores.o)
                                                  ../avrx/avrx.a(avrx_eeprom.o)
                                                  ../avrx/serialio.o
AvrXWaitTask                                      ../avrx/avrx.a(avrx_semaphores.o)
AvrXWaitTimer                                     ../avrx/avrx.a(avrx_semaphores.o)
                                                  ../avrx/avrx.a(avrx_timequeue.o)
AvrXWriteEEProm                                   ../avrx/avrx.a(avrx_eeprom.o)
                                                  ../avrx/avrx.a(monitor.o)
CountNotZero                                      ../avrx/avrx.a(avrx_timequeue.o)
                                                  ../avrx/avrx.a(avrx_starttimermessage.o)
DebugMonitor                                      ../avrx/avrx.a(monitor.o)
EEPromMutex                                       ../avrx/avrx.a(avrx_eeprom.o)
                                                  ../avrx/avrx.a(monitor.o)
                                                  MessageTimersAlt.o
Epilog                                            ../avrx/avrx.a(avrx_tasking.o)
                                                  MessageTimersAlt.o
GetByteWord                                       ../avrx/avrx.a(monitor.o)
GetChar                                           ../avrx/serialio.o
GetDumpLength                                     ../avrx/avrx.a(monitor.o)
GetFlagsAndAddress                                ../avrx/avrx.a(monitor.o)
GetHexByte                                        ../avrx/serialio.o
                                                  ../avrx/avrx.a(monitor.o)
GetHexChar                                        ../avrx/serialio.o
GetHexWord                                        ../avrx/serialio.o
                                                  ../avrx/avrx.a(monitor.o)
GetObjectID                                       ../avrx/avrx.a(monitor.o)
InitSerialIO                                      ../avrx/serialio.o
                                                  MessageTimersAlt.o
IntProlog                                         ../avrx/avrx.a(avrx_tasking.o)
                                                  ../avrx/avrx.a(avrx_canceltimermessage.o)
                                                  ../avrx/avrx.a(avrx_canceltimer.o)
                                                  ../avrx/avrx.a(avrx_timequeue.o)
                                                  ../avrx/avrx.a(avrx_message.o)
                                                  ../avrx/avrx.a(avrx_suspend.o)
                                                  ../avrx/avrx.a(avrx_terminate.o)
                                                  ../avrx/avrx.a(avrx_singlestep.o)
                                                  ../avrx/avrx.a(avrx_semaphores.o)
                                                  ../avrx/serialio.o
                                                  MessageTimersAlt.o
IsHex                                             ../avrx/serialio.o
IsWhite                                           ../avrx/serialio.o
                                                  ../avrx/avrx.a(monitor.o)
Monitor                                           ../avrx/avrx.a(monitor.o)
                                                  MessageTimersAlt.o
MonitorPid                                        MessageTimersAlt.o
MonitorStk                                        MessageTimersAlt.o
MonitorTcb                                        MessageTimersAlt.o
MyQueue                                           MessageTimersAlt.o
PushChar                                          ../avrx/serialio.o
PutByteWord                                       ../avrx/avrx.a(monitor.o)
PutCR                                             ../avrx/serialio.o
                                                  ../avrx/avrx.a(monitor.o)
PutChar                                           ../avrx/serialio.o
                                                  ../avrx/avrx.a(monitor.o)
PutHexByte                                        ../avrx/serialio.o
                                                  ../avrx/avrx.a(monitor.o)
PutHexWord                                        ../avrx/serialio.o
                                                  ../avrx/avrx.a(monitor.o)
PutSpace                                          ../avrx/serialio.o
                                                  ../avrx/avrx.a(monitor.o)
RxC_Flag                                          ../avrx/serialio.o
SioFlags                                          ../avrx/serialio.o
SwTimer                                           MessageTimersAlt.o
SwitchMsg                                         MessageTimersAlt.o
Timer                                             MessageTimersAlt.o
TxIntFlag                                         ../avrx/serialio.o
_AppendObject                                     ../avrx/avrx.a(avrx_semaphores.o)
                                                  ../avrx/avrx.a(avrx_message.o)
_DumpMemory                                       ../avrx/avrx.a(monitor.o)
_Epilog                                           ../avrx/avrx.a(avrx_tasking.o)
                                                  ../avrx/avrx.a(avrx_canceltimermessage.o)
                                                  ../avrx/avrx.a(avrx_canceltimer.o)
                                                  ../avrx/avrx.a(avrx_timequeue.o)
                                                  ../avrx/avrx.a(avrx_message.o)
                                                  ../avrx/avrx.a(avrx_suspend.o)
                                                  ../avrx/avrx.a(avrx_terminate.o)
                                                  ../avrx/avrx.a(avrx_singlestep.o)
                                                  ../avrx/avrx.a(avrx_semaphores.o)
                                                  ../avrx/serialio.o
_GetChar                                          ../avrx/serialio.o
                                                  ../avrx/avrx.a(monitor.o)
_GetHex                                           ../avrx/serialio.o
_ModifyMemory                                     ../avrx/avrx.a(monitor.o)
_PrintContext                                     ../avrx/avrx.a(monitor.o)
_PrintString                                      ../avrx/serialio.o
                                                  ../avrx/avrx.a(monitor.o)
_PutHex                                           ../avrx/serialio.o
_QueuePid                                         ../avrx/avrx.a(avrx_tasking.o)
                                                  ../avrx/avrx.a(avrx_singlestep.o)
                                                  ../avrx/avrx.a(avrx_semaphores.o)
_RemoveFirstObject                                ../avrx/avrx.a(avrx_semaphores.o)
                                                  ../avrx/avrx.a(avrx_message.o)
_RemoveObject                                     ../avrx/avrx.a(avrx_semaphores.o)
                                                  ../avrx/avrx.a(avrx_canceltimermessage.o)
                                                  ../avrx/avrx.a(avrx_canceltimer.o)
                                                  ../avrx/avrx.a(avrx_suspend.o)
                                                  ../avrx/avrx.a(avrx_terminate.o)
_RemoveObjectAt                                   ../avrx/avrx.a(avrx_semaphores.o)
_RxByte                                           ../avrx/avrx.a(monitor.o)
                                                  ../avrx/serialio.o
_TimQLevel                                        ../avrx/avrx.a(avrx_timequeue.o)
_TimerQueue                                       ../avrx/avrx.a(avrx_canceltimermessage.o)
                                                  ../avrx/avrx.a(avrx_canceltimer.o)
                                                  ../avrx/avrx.a(avrx_timequeue.o)
__bad_interrupt                                   /usr/lib/gcc/avr/3.4.3/../../../../avr/lib/avr5/crtm32.o
__bss_end                                         /usr/lib/gcc/avr/3.4.3/avr5/libgcc.a(_clear_bss.o)
__bss_start                                       /usr/lib/gcc/avr/3.4.3/avr5/libgcc.a(_clear_bss.o)
__data_end                                        /usr/lib/gcc/avr/3.4.3/avr5/libgcc.a(_copy_data.o)
__data_load_start                                 /usr/lib/gcc/avr/3.4.3/avr5/libgcc.a(_copy_data.o)
__data_start                                      /usr/lib/gcc/avr/3.4.3/avr5/libgcc.a(_copy_data.o)
__do_clear_bss                                    /usr/lib/gcc/avr/3.4.3/avr5/libgcc.a(_clear_bss.o)
                                                  MessageTimersAlt.o
__do_copy_data                                    /usr/lib/gcc/avr/3.4.3/avr5/libgcc.a(_copy_data.o)
                                                  MessageTimersAlt.o
__heap_end                                        /usr/lib/gcc/avr/3.4.3/../../../../avr/lib/avr5/crtm32.o
__init                                            /usr/lib/gcc/avr/3.4.3/../../../../avr/lib/avr5/crtm32.o
__stack                                           /usr/lib/gcc/avr/3.4.3/../../../../avr/lib/avr5/crtm32.o
                                                  MessageTimersAlt.o
__vector_1                                        /usr/lib/gcc/avr/3.4.3/../../../../avr/lib/avr5/crtm32.o
__vector_10                                       /usr/lib/gcc/avr/3.4.3/../../../../avr/lib/avr5/crtm32.o
__vector_11                                       MessageTimersAlt.o
                                                  /usr/lib/gcc/avr/3.4.3/../../../../avr/lib/avr5/crtm32.o
__vector_12                                       /usr/lib/gcc/avr/3.4.3/../../../../avr/lib/avr5/crtm32.o
__vector_13                                       ../avrx/serialio.o
                                                  /usr/lib/gcc/avr/3.4.3/../../../../avr/lib/avr5/crtm32.o
__vector_14                                       ../avrx/serialio.o
                                                  /usr/lib/gcc/avr/3.4.3/../../../../avr/lib/avr5/crtm32.o
__vector_15                                       /usr/lib/gcc/avr/3.4.3/../../../../avr/lib/avr5/crtm32.o
__vector_16                                       /usr/lib/gcc/avr/3.4.3/../../../../avr/lib/avr5/crtm32.o
__vector_17                                       /usr/lib/gcc/avr/3.4.3/../../../../avr/lib/avr5/crtm32.o
__vector_18                                       /usr/lib/gcc/avr/3.4.3/../../../../avr/lib/avr5/crtm32.o
__vector_19                                       /usr/lib/gcc/avr/3.4.3/../../../../avr/lib/avr5/crtm32.o
__vector_2                                        /usr/lib/gcc/avr/3.4.3/../../../../avr/lib/avr5/crtm32.o
__vector_20                                       /usr/lib/gcc/avr/3.4.3/../../../../avr/lib/avr5/crtm32.o
__vector_3                                        /usr/lib/gcc/avr/3.4.3/../../../../avr/lib/avr5/crtm32.o
__vector_4                                        /usr/lib/gcc/avr/3.4.3/../../../../avr/lib/avr5/crtm32.o
__vector_5                                        /usr/lib/gcc/avr/3.4.3/../../../../avr/lib/avr5/crtm32.o
__vector_6                                        /usr/lib/gcc/avr/3.4.3/../../../../avr/lib/avr5/crtm32.o
__vector_7                                        /usr/lib/gcc/avr/3.4.3/../../../../avr/lib/avr5/crtm32.o
__vector_8                                        /usr/lib/gcc/avr/3.4.3/../../../../avr/lib/avr5/crtm32.o
__vector_9                                        /usr/lib/gcc/avr/3.4.3/../../../../avr/lib/avr5/crtm32.o
__vector_default                                  /usr/lib/gcc/avr/3.4.3/../../../../avr/lib/avr5/crtm32.o
__vectors                                         /usr/lib/gcc/avr/3.4.3/../../../../avr/lib/avr5/crtm32.o
_exit                                             /usr/lib/gcc/avr/3.4.3/avr5/libgcc.a(_exit.o)
exit                                              /usr/lib/gcc/avr/3.4.3/avr5/libgcc.a(_exit.o)
                                                  MessageTimersAlt.o
flasher                                           MessageTimersAlt.o
flasherPid                                        MessageTimersAlt.o
flasherStk                                        MessageTimersAlt.o
flasherTcb                                        MessageTimersAlt.o
main                                              MessageTimersAlt.o
                                                  /usr/lib/gcc/avr/3.4.3/../../../../avr/lib/avr5/crtm32.o
switcher                                          MessageTimersAlt.o
switcherPid                                       MessageTimersAlt.o
switcherStk                                       MessageTimersAlt.o
switcherTcb                                       MessageTimersAlt.o
