Archive member included because of file (symbol)

../avrx/avrx.a(monitor.o)     Messages.o (Monitor)
../avrx/avrx.a(avrx_tasking.o)
                              Messages.o (IntProlog)
../avrx/avrx.a(avrx_semaphores.o)
                              Messages.o (AvrXWaitMessageAck)
../avrx/avrx.a(avrx_singlestep.o)
                              ../avrx/avrx.a(monitor.o) (AvrXStepNext)
../avrx/avrx.a(avrx_terminate.o)
                              ../avrx/avrx.a(monitor.o) (AvrXTerminate)
../avrx/avrx.a(avrx_halt.o)   Messages.o (AvrXHalt)
../avrx/avrx.a(avrx_suspend.o)
                              ../avrx/avrx.a(monitor.o) (AvrXSuspend)
../avrx/avrx.a(avrx_message.o)
                              Messages.o (AvrXSendMessage)
../avrx/avrx.a(avrx_timequeue.o)
                              Messages.o (AvrXDelay)
../avrx/avrx.a(avrx_canceltimer.o)
                              ../avrx/avrx.a(monitor.o) (AvrXCancelTimer)
../avrx/avrx.a(avrx_eeprom.o)
                              Messages.o (EEPromMutex)
../avrx/avrx.a(avrx_resetsemaphore.o)
                              ../avrx/avrx.a(avrx_timequeue.o) (AvrXIntResetObjectSemaphore)
/usr/lib/gcc/avr/3.4.3/avr5/libgcc.a(_copy_data.o)
                              Messages.o (__do_copy_data)
/usr/lib/gcc/avr/3.4.3/avr5/libgcc.a(_clear_bss.o)
                              Messages.o (__do_clear_bss)

Allocating common symbols
Common symbol       size              file

_TimerQueue         0x2               ../avrx/avrx.a(avrx_timequeue.o)
SwitchUp            0x4               Messages.o
TxIntFlag           0x2               ../avrx/serialio.o
_TimQLevel          0x1               ../avrx/avrx.a(avrx_timequeue.o)
MonitorStk          0x4b              Messages.o
task2Pid            0x6               Messages.o
AvrXKernelData      0x7               ../avrx/avrx.a(avrx_tasking.o)
MyQueue             0x4               Messages.o
SioFlags            0x1               ../avrx/serialio.o
MyTimer             0x6               Messages.o
SwitchDown          0x4               Messages.o
MonitorPid          0x6               Messages.o
task2Stk            0x37              Messages.o
EEPromMutex         0x2               ../avrx/avrx.a(avrx_eeprom.o)
RxC_Flag            0x2               ../avrx/serialio.o
_RxByte             0x1               ../avrx/serialio.o
task1Pid            0x6               Messages.o
task1Stk            0x37              Messages.o

Memory Configuration

Name             Origin             Length             Attributes
text             0x00000000         0x00020000         xr
data             0x00800060         0x0000ffa0         rw !x
eeprom           0x00810000         0x00010000         rw !x
*default*        0x00000000         0xffffffff

Linker script and memory map

LOAD /usr/lib/gcc/avr/3.4.3/../../../../avr/lib/avr5/crtm32.o
LOAD Messages.o
LOAD ../avrx/serialio.o
LOAD ../avrx/avrx.a
LOAD /usr/lib/gcc/avr/3.4.3/../../../../avr/lib/avr5/libm.a
LOAD /usr/lib/gcc/avr/3.4.3/avr5/libgcc.a
LOAD /usr/lib/gcc/avr/3.4.3/../../../../avr/lib/avr5/libc.a
LOAD /usr/lib/gcc/avr/3.4.3/avr5/libgcc.a

.hash
 *(.hash)

.dynsym
 *(.dynsym)

.dynstr
 *(.dynstr)

.gnu.version
 *(.gnu.version)

.gnu.version_d
 *(.gnu.version_d)

.gnu.version_r
 *(.gnu.version_r)

.rel.init
 *(.rel.init)

.rela.init
 *(.rela.init)

.rel.text
 *(.rel.text)
 *(.rel.text.*)
 *(.rel.gnu.linkonce.t*)

.rela.text
 *(.rela.text)
 *(.rela.text.*)
 *(.rela.gnu.linkonce.t*)

.rel.fini
 *(.rel.fini)

.rela.fini
 *(.rela.fini)

.rel.rodata
 *(.rel.rodata)
 *(.rel.rodata.*)
 *(.rel.gnu.linkonce.r*)

.rela.rodata
 *(.rela.rodata)
 *(.rela.rodata.*)
 *(.rela.gnu.linkonce.r*)

.rel.data
 *(.rel.data)
 *(.rel.data.*)
 *(.rel.gnu.linkonce.d*)

.rela.data
 *(.rela.data)
 *(.rela.data.*)
 *(.rela.gnu.linkonce.d*)

.rel.ctors
 *(.rel.ctors)

.rela.ctors
 *(.rela.ctors)

.rel.dtors
 *(.rel.dtors)

.rela.dtors
 *(.rela.dtors)

.rel.got
 *(.rel.got)

.rela.got
 *(.rela.got)

.rel.bss
 *(.rel.bss)

.rela.bss
 *(.rela.bss)

.rel.plt
 *(.rel.plt)

.rela.plt
 *(.rela.plt)

.text           0x00000000      0xc1a
 *(.vectors)
 .vectors       0x00000000       0x54 /usr/lib/gcc/avr/3.4.3/../../../../avr/lib/avr5/crtm32.o
                0x00000000                __vectors
                0x00000000                __vector_default
                0x00000054                __ctors_start = .
 *(.ctors)
                0x00000054                __ctors_end = .
                0x00000054                __dtors_start = .
 *(.dtors)
                0x00000054                __dtors_end = .
 *(.progmem.gcc*)
 *(.progmem*)
 .progmem.data  0x00000054       0x1b Messages.o
                0x0000005b                task1Tcb
                0x00000054                task2Tcb
                0x00000062                MonitorTcb
                0x00000070                . = ALIGN (0x2)
 *fill*         0x0000006f        0x1 00
 *(.init0)
 *(.init1)
 *(.init2)
 .init2         0x00000070        0xc /usr/lib/gcc/avr/3.4.3/../../../../avr/lib/avr5/crtm32.o
 *(.init3)
 *(.init4)
 .init4         0x0000007c       0x16 /usr/lib/gcc/avr/3.4.3/avr5/libgcc.a(_copy_data.o)
                0x0000007c                __do_copy_data
 .init4         0x00000092       0x10 /usr/lib/gcc/avr/3.4.3/avr5/libgcc.a(_clear_bss.o)
                0x00000092                __do_clear_bss
 *(.init5)
 *(.init6)
 *(.init7)
 *(.init8)
 *(.init9)
 .init9         0x000000a2        0x4 /usr/lib/gcc/avr/3.4.3/../../../../avr/lib/avr5/crtm32.o
 *(.text)
 .text          0x000000a6        0x4 /usr/lib/gcc/avr/3.4.3/../../../../avr/lib/avr5/crtm32.o
                0x000000a6                __vector_1
                0x000000a6                __vector_12
                0x000000a6                __bad_interrupt
                0x000000a6                __vector_6
                0x000000a6                __vector_3
                0x000000a6                __vector_17
                0x000000a6                __vector_19
                0x000000a6                __vector_7
                0x000000a6                __vector_5
                0x000000a6                __vector_4
                0x000000a6                __vector_9
                0x000000a6                __vector_2
                0x000000a6                __vector_15
                0x000000a6                __vector_8
                0x000000a6                __vector_10
                0x000000a6                __vector_16
                0x000000a6                __vector_18
                0x000000a6                __vector_20
 .text          0x000000aa       0xdc Messages.o
                0x000000aa                __vector_11
                0x000000ba                task1
                0x000000ea                task2
                0x00000136                main
                0x00000186                . = ALIGN (0x2)
 *(.text.*)
 .text.avrx.serialio
                0x00000186      0x162 ../avrx/serialio.o
                0x00000196                GetChar
                0x000001b8                PutCR
                0x000001c0                _PrintString
                0x000002aa                _PutHex
                0x00000298                IsWhite
                0x0000021c                _GetHex
                0x0000026e                GetHexChar
                0x000001e0                InitSerialIO
                0x000001f4                __vector_13
                0x000001bc                PutSpace
                0x000001b4                _GetChar
                0x00000272                IsHex
                0x00000186                PushChar
                0x00000266                GetHexWord
                0x000002e4                PutHexByte
                0x00000208                PutChar
                0x000002e0                PutHexWord
                0x0000026a                GetHexByte
                0x000001e8                __vector_14
 .text.avrx.monitor
                0x000002e8      0x3e8 ../avrx/avrx.a(monitor.o)
                0x0000040e                DebugMonitor
                0x0000054c                _DumpMemory
                0x000004e0                GetDumpLength
                0x0000067e                GetByteWord
                0x000006a0                PutByteWord
                0x000003e0                Monitor
                0x000004ca                GetObjectID
                0x0000058c                _ModifyMemory
                0x000004f2                GetFlagsAndAddress
                0x00000608                _PrintContext
 .text.avrx.avrx_tasking
                0x000006d0      0x1d4 ../avrx/avrx.a(avrx_tasking.o)
                0x000007f2                AvrXRunTask
                0x0000083c                AvrXResume
                0x0000076c                _Epilog
                0x000007f6                AvrXInitTask
                0x000006d0                IntProlog
                0x000007da                AvrXSetKernelStack
                0x00000858                _QueuePid
                0x00000768                Epilog
 .text.avrx.avrx_semaphores
                0x000008a4       0xe2 ../avrx/avrx.a(avrx_semaphores.o)
                0x000008a4                AvrXWaitTimer
                0x000008d2                AvrXSetObjectSemaphore
                0x000008d2                AvrXAckMessage
                0x000008a4                AvrXWaitObjectSemaphore
                0x000008a8                AvrXWaitSemaphore
                0x000008f0                AvrXIntSetSemaphore
                0x00000960                _RemoveObjectAt
                0x000008a4                AvrXWaitMessageAck
                0x000008ec                AvrXIntSetObjectSemaphore
                0x00000954                _RemoveFirstObject
                0x000008a4                AvrXWaitTask
                0x00000926                _AppendObject
                0x00000942                _RemoveObject
                0x000008d6                AvrXSetSemaphore
 .text.avrx.avrx_singlestep
                0x00000986       0x50 ../avrx/avrx.a(avrx_singlestep.o)
                0x00000986                AvrXSingleStepNext
                0x000009b0                AvrXStepNext
 .text.avrx.avrx_terminate
                0x000009d6       0x2c ../avrx/avrx.a(avrx_terminate.o)
                0x000009d6                AvrXTaskExit
                0x000009e6                AvrXTerminate
 .text.avrx.avrx_halt
                0x00000a02        0x4 ../avrx/avrx.a(avrx_halt.o)
                0x00000a02                AvrXHalt
 .text.avrx.avrx_suspend
                0x00000a06       0x42 ../avrx/avrx.a(avrx_suspend.o)
                0x00000a1c                AvrXSuspend
                0x00000a06                AvrXBreakpoint
 .text.avrx.avrx_message
                0x00000a48       0x2e ../avrx/avrx.a(avrx_message.o)
                0x00000a52                AvrXIntSendMessage
                0x00000a5a                AvrXWaitMessage
                0x00000a48                AvrXSendMessage
 .text.avrx.avrx_timequeue
                0x00000a76       0xe4 ../avrx/avrx.a(avrx_timequeue.o)
                0x00000a76                AvrXDelay
                0x00000a7a                AvrXStartTimer
                0x00000a82                CountNotZero
                0x00000ad2                AvrXTimerHandler
 .text.avrx.avrx_canceltimer
                0x00000b5a       0x36 ../avrx/avrx.a(avrx_canceltimer.o)
                0x00000b5a                AvrXCancelTimer
 .text.avrx.avrx_eeprom
                0x00000b90       0x68 ../avrx/avrx.a(avrx_eeprom.o)
                0x00000b90                AvrXReadEEProm
                0x00000bdc                AvrXWriteEEProm
                0x00000bae                AvrXReadEEPromWord
 .text.avrx.avrx_resetsemaphore
                0x00000bf8       0x22 ../avrx/avrx.a(avrx_resetsemaphore.o)
                0x00000bf8                AvrXResetObjectSemaphore
                0x00000c00                AvrXIntResetSemaphore
                0x00000c00                AvrXResetSemaphore
                0x00000bf8                AvrXIntResetObjectSemaphore
                0x00000c1a                . = ALIGN (0x2)
 *(.fini9)
 *(.fini8)
 *(.fini7)
 *(.fini6)
 *(.fini5)
 *(.fini4)
 *(.fini3)
 *(.fini2)
 *(.fini1)
 *(.fini0)
                0x00000c1a                _etext = .

.data           0x00800060        0x0 load address 0x00000c1a
                0x00800060                PROVIDE (__data_start, .)
 *(.data)
 *(.gnu.linkonce.d*)
                0x00800060                . = ALIGN (0x2)
                0x00800060                _edata = .
                0x00800060                PROVIDE (__data_end, .)

.bss            0x00800060       0xf6
                0x00800060                PROVIDE (__bss_start, .)
 *(.bss)
 *(COMMON)
 COMMON         0x00800060       0xdd Messages.o
                                  0x0 (size before relaxing)
                0x00800060                SwitchUp
                0x00800064                MonitorStk
                0x008000af                task2Pid
                0x008000b5                MyQueue
                0x008000b9                MyTimer
                0x008000bf                SwitchDown
                0x008000c3                MonitorPid
                0x008000c9                task2Stk
                0x00800100                task1Pid
                0x00800106                task1Stk
 *fill*         0x0080013d        0x1 00
 COMMON         0x0080013e        0x7 ../avrx/serialio.o
                                  0x0 (size before relaxing)
                0x0080013e                TxIntFlag
                0x00800140                SioFlags
                0x00800142                RxC_Flag
                0x00800144                _RxByte
 *fill*         0x00800145        0x3 00
 COMMON         0x00800148        0x7 ../avrx/avrx.a(avrx_tasking.o)
                                  0x0 (size before relaxing)
                0x00800148                AvrXKernelData
 *fill*         0x0080014f        0x1 00
 COMMON         0x00800150        0x3 ../avrx/avrx.a(avrx_timequeue.o)
                                  0x0 (size before relaxing)
                0x00800150                _TimerQueue
                0x00800152                _TimQLevel
 *fill*         0x00800153        0x1 00
 COMMON         0x00800154        0x2 ../avrx/avrx.a(avrx_eeprom.o)
                                  0x0 (size before relaxing)
                0x00800154                EEPromMutex
                0x00800156                PROVIDE (__bss_end, .)
                0x00000c1a                __data_load_start = LOADADDR (.data)
                0x00000c1a                __data_load_end = (__data_load_start + SIZEOF (.data))

.noinit         0x00800156        0x0
                0x00800156                PROVIDE (__noinit_start, .)
 *(.noinit*)
                0x00800156                PROVIDE (__noinit_end, .)
                0x00800156                _end = .
                0x00800156                PROVIDE (__heap_start, .)

.eeprom         0x00810000        0x0 load address 0x00000c1a
 *(.eeprom*)
                0x00810000                __eeprom_end = .

.stab           0x00000000     0x4770
 *(.stab)
 .stab          0x00000000      0x2a0 /usr/lib/gcc/avr/3.4.3/../../../../avr/lib/avr5/crtm32.o
 .stab          0x000002a0      0x6cc Messages.o
                                0x6d8 (size before relaxing)
 .stab          0x0000096c      0x9d8 ../avrx/serialio.o
                                0x9e4 (size before relaxing)
 .stab          0x00001344     0x1110 ../avrx/avrx.a(monitor.o)
                               0x111c (size before relaxing)
 .stab          0x00002454      0xbc4 ../avrx/avrx.a(avrx_tasking.o)
                                0xbd0 (size before relaxing)
 .stab          0x00003018      0x654 ../avrx/avrx.a(avrx_semaphores.o)
                                0x660 (size before relaxing)
 .stab          0x0000366c      0x204 ../avrx/avrx.a(avrx_singlestep.o)
                                0x210 (size before relaxing)
 .stab          0x00003870      0x114 ../avrx/avrx.a(avrx_terminate.o)
                                0x120 (size before relaxing)
 .stab          0x00003984       0x54 ../avrx/avrx.a(avrx_halt.o)
                                 0x60 (size before relaxing)
 .stab          0x000039d8      0x198 ../avrx/avrx.a(avrx_suspend.o)
                                0x1a4 (size before relaxing)
 .stab          0x00003b70      0x168 ../avrx/avrx.a(avrx_message.o)
                                0x174 (size before relaxing)
 .stab          0x00003cd8      0x534 ../avrx/avrx.a(avrx_timequeue.o)
                                0x540 (size before relaxing)
 .stab          0x0000420c      0x168 ../avrx/avrx.a(avrx_canceltimer.o)
                                0x174 (size before relaxing)
 .stab          0x00004374      0x2dc ../avrx/avrx.a(avrx_eeprom.o)
                                0x2e8 (size before relaxing)
 .stab          0x00004650      0x120 ../avrx/avrx.a(avrx_resetsemaphore.o)
                                0x12c (size before relaxing)

.stabstr        0x00000000     0x1272
 *(.stabstr)
 .stabstr       0x00000000     0x1272 /usr/lib/gcc/avr/3.4.3/../../../../avr/lib/avr5/crtm32.o
                                  0x0 (size before relaxing)

.stab.excl
 *(.stab.excl)

.stab.exclstr
 *(.stab.exclstr)

.stab.index
 *(.stab.index)

.stab.indexstr
 *(.stab.indexstr)

.comment
 *(.comment)

.debug
 *(.debug)

.line
 *(.line)

.debug_srcinfo
 *(.debug_srcinfo)

.debug_sfnames
 *(.debug_sfnames)

.debug_aranges
 *(.debug_aranges)

.debug_pubnames
 *(.debug_pubnames)

.debug_info
 *(.debug_info)
 *(.gnu.linkonce.wi.*)

.debug_abbrev
 *(.debug_abbrev)

.debug_line
 *(.debug_line)

.debug_frame
 *(.debug_frame)

.debug_str
 *(.debug_str)

.debug_loc
 *(.debug_loc)

.debug_macinfo
 *(.debug_macinfo)
OUTPUT(Messages.elf elf32-avr)

Cross Reference Table

Symbol                                            File
AvrXAckMessage                                    ../avrx/avrx.a(avrx_semaphores.o)
                                                  Messages.o
AvrXBreakpoint                                    ../avrx/avrx.a(avrx_suspend.o)
AvrXCancelTimer                                   ../avrx/avrx.a(avrx_canceltimer.o)
                                                  ../avrx/avrx.a(monitor.o)
AvrXDelay                                         ../avrx/avrx.a(avrx_timequeue.o)
                                                  Messages.o
AvrXHalt                                          ../avrx/avrx.a(avrx_halt.o)
                                                  Messages.o
AvrXInitTask                                      ../avrx/avrx.a(avrx_tasking.o)
                                                  ../avrx/avrx.a(monitor.o)
AvrXIntResetObjectSemaphore                       ../avrx/avrx.a(avrx_resetsemaphore.o)
                                                  ../avrx/avrx.a(avrx_timequeue.o)
AvrXIntResetSemaphore                             ../avrx/avrx.a(avrx_resetsemaphore.o)
AvrXIntSendMessage                                ../avrx/avrx.a(avrx_message.o)
                                                  ../avrx/avrx.a(avrx_timequeue.o)
AvrXIntSetObjectSemaphore                         ../avrx/avrx.a(avrx_semaphores.o)
                                                  ../avrx/avrx.a(avrx_canceltimer.o)
                                                  ../avrx/avrx.a(avrx_timequeue.o)
                                                  ../avrx/avrx.a(avrx_message.o)
AvrXIntSetSemaphore                               ../avrx/avrx.a(avrx_semaphores.o)
                                                  ../avrx/serialio.o
AvrXKernelData                                    ../avrx/avrx.a(avrx_suspend.o)
                                                  ../avrx/avrx.a(avrx_terminate.o)
                                                  ../avrx/avrx.a(avrx_singlestep.o)
                                                  ../avrx/avrx.a(avrx_semaphores.o)
                                                  ../avrx/avrx.a(avrx_tasking.o)
AvrXReadEEProm                                    ../avrx/avrx.a(avrx_eeprom.o)
                                                  ../avrx/avrx.a(monitor.o)
AvrXReadEEPromWord                                ../avrx/avrx.a(avrx_eeprom.o)
                                                  ../avrx/avrx.a(monitor.o)
AvrXResetObjectSemaphore                          ../avrx/avrx.a(avrx_resetsemaphore.o)
                                                  ../avrx/avrx.a(avrx_message.o)
AvrXResetSemaphore                                ../avrx/avrx.a(avrx_resetsemaphore.o)
AvrXResume                                        ../avrx/avrx.a(avrx_tasking.o)
                                                  ../avrx/avrx.a(monitor.o)
AvrXRunTask                                       ../avrx/avrx.a(avrx_tasking.o)
                                                  Messages.o
AvrXSendMessage                                   ../avrx/avrx.a(avrx_message.o)
                                                  Messages.o
AvrXSetKernelStack                                ../avrx/avrx.a(avrx_tasking.o)
                                                  Messages.o
AvrXSetObjectSemaphore                            ../avrx/avrx.a(avrx_semaphores.o)
                                                  ../avrx/avrx.a(avrx_timequeue.o)
AvrXSetSemaphore                                  ../avrx/avrx.a(avrx_semaphores.o)
                                                  ../avrx/avrx.a(avrx_eeprom.o)
                                                  ../avrx/avrx.a(monitor.o)
                                                  Messages.o
AvrXSingleStepNext                                ../avrx/avrx.a(avrx_singlestep.o)
AvrXStartTimer                                    ../avrx/avrx.a(avrx_timequeue.o)
AvrXStepNext                                      ../avrx/avrx.a(avrx_singlestep.o)
                                                  ../avrx/avrx.a(monitor.o)
AvrXSuspend                                       ../avrx/avrx.a(avrx_suspend.o)
                                                  ../avrx/avrx.a(monitor.o)
AvrXTaskExit                                      ../avrx/avrx.a(avrx_terminate.o)
AvrXTerminate                                     ../avrx/avrx.a(avrx_terminate.o)
                                                  ../avrx/avrx.a(monitor.o)
AvrXTimerHandler                                  ../avrx/avrx.a(avrx_timequeue.o)
                                                  Messages.o
AvrXWaitMessage                                   ../avrx/avrx.a(avrx_message.o)
                                                  Messages.o
AvrXWaitMessageAck                                ../avrx/avrx.a(avrx_semaphores.o)
                                                  Messages.o
AvrXWaitObjectSemaphore                           ../avrx/avrx.a(avrx_semaphores.o)
                                                  ../avrx/avrx.a(avrx_message.o)
AvrXWaitSemaphore                                 ../avrx/avrx.a(avrx_semaphores.o)
                                                  ../avrx/avrx.a(avrx_eeprom.o)
                                                  ../avrx/serialio.o
AvrXWaitTask                                      ../avrx/avrx.a(avrx_semaphores.o)
AvrXWaitTimer                                     ../avrx/avrx.a(avrx_semaphores.o)
                                                  ../avrx/avrx.a(avrx_timequeue.o)
AvrXWriteEEProm                                   ../avrx/avrx.a(avrx_eeprom.o)
                                                  ../avrx/avrx.a(monitor.o)
CountNotZero                                      ../avrx/avrx.a(avrx_timequeue.o)
DebugMonitor                                      ../avrx/avrx.a(monitor.o)
EEPromMutex                                       ../avrx/avrx.a(avrx_eeprom.o)
                                                  ../avrx/avrx.a(monitor.o)
                                                  Messages.o
Epilog                                            ../avrx/avrx.a(avrx_tasking.o)
                                                  Messages.o
GetByteWord                                       ../avrx/avrx.a(monitor.o)
GetChar                                           ../avrx/serialio.o
GetDumpLength                                     ../avrx/avrx.a(monitor.o)
GetFlagsAndAddress                                ../avrx/avrx.a(monitor.o)
GetHexByte                                        ../avrx/serialio.o
                                                  ../avrx/avrx.a(monitor.o)
GetHexChar                                        ../avrx/serialio.o
GetHexWord                                        ../avrx/serialio.o
                                                  ../avrx/avrx.a(monitor.o)
GetObjectID                                       ../avrx/avrx.a(monitor.o)
InitSerialIO                                      ../avrx/serialio.o
                                                  Messages.o
IntProlog                                         ../avrx/avrx.a(avrx_tasking.o)
                                                  ../avrx/avrx.a(avrx_canceltimer.o)
                                                  ../avrx/avrx.a(avrx_timequeue.o)
                                                  ../avrx/avrx.a(avrx_message.o)
                                                  ../avrx/avrx.a(avrx_suspend.o)
                                                  ../avrx/avrx.a(avrx_terminate.o)
                                                  ../avrx/avrx.a(avrx_singlestep.o)
                                                  ../avrx/avrx.a(avrx_semaphores.o)
                                                  ../avrx/serialio.o
                                                  Messages.o
IsHex                                             ../avrx/serialio.o
IsWhite                                           ../avrx/serialio.o
                                                  ../avrx/avrx.a(monitor.o)
Monitor                                           ../avrx/avrx.a(monitor.o)
                                                  Messages.o
MonitorPid                                        Messages.o
MonitorStk                                        Messages.o
MonitorTcb                                        Messages.o
MyQueue                                           Messages.o
MyTimer                                           Messages.o
PushChar                                          ../avrx/serialio.o
PutByteWord                                       ../avrx/avrx.a(monitor.o)
PutCR                                             ../avrx/serialio.o
                                                  ../avrx/avrx.a(monitor.o)
PutChar                                           ../avrx/serialio.o
                                                  ../avrx/avrx.a(monitor.o)
PutHexByte                                        ../avrx/serialio.o
                                                  ../avrx/avrx.a(monitor.o)
PutHexWord                                        ../avrx/serialio.o
                                                  ../avrx/avrx.a(monitor.o)
PutSpace                                          ../avrx/serialio.o
                                                  ../avrx/avrx.a(monitor.o)
RxC_Flag                                          ../avrx/serialio.o
SioFlags                                          ../avrx/serialio.o
SwitchDown                                        Messages.o
SwitchUp                                          Messages.o
TxIntFlag                                         ../avrx/serialio.o
_AppendObject                                     ../avrx/avrx.a(avrx_semaphores.o)
                                                  ../avrx/avrx.a(avrx_message.o)
_DumpMemory                                       ../avrx/avrx.a(monitor.o)
_Epilog                                           ../avrx/avrx.a(avrx_tasking.o)
                                                  ../avrx/avrx.a(avrx_canceltimer.o)
                                                  ../avrx/avrx.a(avrx_timequeue.o)
                                                  ../avrx/avrx.a(avrx_message.o)
                                                  ../avrx/avrx.a(avrx_suspend.o)
                                                  ../avrx/avrx.a(avrx_terminate.o)
                                                  ../avrx/avrx.a(avrx_singlestep.o)
                                                  ../avrx/avrx.a(avrx_semaphores.o)
                                                  ../avrx/serialio.o
_GetChar                                          ../avrx/serialio.o
                                                  ../avrx/avrx.a(monitor.o)
_GetHex                                           ../avrx/serialio.o
_ModifyMemory                                     ../avrx/avrx.a(monitor.o)
_PrintContext                                     ../avrx/avrx.a(monitor.o)
_PrintString                                      ../avrx/serialio.o
                                                  ../avrx/avrx.a(monitor.o)
                                                  Messages.o
_PutHex                                           ../avrx/serialio.o
_QueuePid                                         ../avrx/avrx.a(avrx_tasking.o)
                                                  ../avrx/avrx.a(avrx_singlestep.o)
                                                  ../avrx/avrx.a(avrx_semaphores.o)
_RemoveFirstObject                                ../avrx/avrx.a(avrx_semaphores.o)
                                                  ../avrx/avrx.a(avrx_message.o)
_RemoveObject                                     ../avrx/avrx.a(avrx_semaphores.o)
                                                  ../avrx/avrx.a(avrx_canceltimer.o)
                                                  ../avrx/avrx.a(avrx_suspend.o)
                                                  ../avrx/avrx.a(avrx_terminate.o)
_RemoveObjectAt                                   ../avrx/avrx.a(avrx_semaphores.o)
_RxByte                                           ../avrx/avrx.a(monitor.o)
                                                  ../avrx/serialio.o
_TimQLevel                                        ../avrx/avrx.a(avrx_timequeue.o)
_TimerQueue                                       ../avrx/avrx.a(avrx_canceltimer.o)
                                                  ../avrx/avrx.a(avrx_timequeue.o)
__bad_interrupt                                   /usr/lib/gcc/avr/3.4.3/../../../../avr/lib/avr5/crtm32.o
__bss_end                                         /usr/lib/gcc/avr/3.4.3/avr5/libgcc.a(_clear_bss.o)
__bss_start                                       /usr/lib/gcc/avr/3.4.3/avr5/libgcc.a(_clear_bss.o)
__data_end                                        /usr/lib/gcc/avr/3.4.3/avr5/libgcc.a(_copy_data.o)
__data_load_start                                 /usr/lib/gcc/avr/3.4.3/avr5/libgcc.a(_copy_data.o)
__data_start                                      /usr/lib/gcc/avr/3.4.3/avr5/libgcc.a(_copy_data.o)
__do_clear_bss                                    /usr/lib/gcc/avr/3.4.3/avr5/libgcc.a(_clear_bss.o)
                                                  Messages.o
__do_copy_data                                    /usr/lib/gcc/avr/3.4.3/avr5/libgcc.a(_copy_data.o)
                                                  Messages.o
__heap_end                                        /usr/lib/gcc/avr/3.4.3/../../../../avr/lib/avr5/crtm32.o
__init                                            /usr/lib/gcc/avr/3.4.3/../../../../avr/lib/avr5/crtm32.o
__stack                                           /usr/lib/gcc/avr/3.4.3/../../../../avr/lib/avr5/crtm32.o
                                                  Messages.o
__vector_1                                        /usr/lib/gcc/avr/3.4.3/../../../../avr/lib/avr5/crtm32.o
__vector_10                                       /usr/lib/gcc/avr/3.4.3/../../../../avr/lib/avr5/crtm32.o
__vector_11                                       Messages.o
                                                  /usr/lib/gcc/avr/3.4.3/../../../../avr/lib/avr5/crtm32.o
__vector_12                                       /usr/lib/gcc/avr/3.4.3/../../../../avr/lib/avr5/crtm32.o
__vector_13                                       ../avrx/serialio.o
                                                  /usr/lib/gcc/avr/3.4.3/../../../../avr/lib/avr5/crtm32.o
__vector_14                                       ../avrx/serialio.o
                                                  /usr/lib/gcc/avr/3.4.3/../../../../avr/lib/avr5/crtm32.o
__vector_15                                       /usr/lib/gcc/avr/3.4.3/../../../../avr/lib/avr5/crtm32.o
__vector_16                                       /usr/lib/gcc/avr/3.4.3/../../../../avr/lib/avr5/crtm32.o
__vector_17                                       /usr/lib/gcc/avr/3.4.3/../../../../avr/lib/avr5/crtm32.o
__vector_18                                       /usr/lib/gcc/avr/3.4.3/../../../../avr/lib/avr5/crtm32.o
__vector_19                                       /usr/lib/gcc/avr/3.4.3/../../../../avr/lib/avr5/crtm32.o
__vector_2                                        /usr/lib/gcc/avr/3.4.3/../../../../avr/lib/avr5/crtm32.o
__vector_20                                       /usr/lib/gcc/avr/3.4.3/../../../../avr/lib/avr5/crtm32.o
__vector_3                                        /usr/lib/gcc/avr/3.4.3/../../../../avr/lib/avr5/crtm32.o
__vector_4                                        /usr/lib/gcc/avr/3.4.3/../../../../avr/lib/avr5/crtm32.o
__vector_5                                        /usr/lib/gcc/avr/3.4.3/../../../../avr/lib/avr5/crtm32.o
__vector_6                                        /usr/lib/gcc/avr/3.4.3/../../../../avr/lib/avr5/crtm32.o
__vector_7                                        /usr/lib/gcc/avr/3.4.3/../../../../avr/lib/avr5/crtm32.o
__vector_8                                        /usr/lib/gcc/avr/3.4.3/../../../../avr/lib/avr5/crtm32.o
__vector_9                                        /usr/lib/gcc/avr/3.4.3/../../../../avr/lib/avr5/crtm32.o
__vector_default                                  /usr/lib/gcc/avr/3.4.3/../../../../avr/lib/avr5/crtm32.o
__vectors                                         /usr/lib/gcc/avr/3.4.3/../../../../avr/lib/avr5/crtm32.o
main                                              Messages.o
                                                  /usr/lib/gcc/avr/3.4.3/../../../../avr/lib/avr5/crtm32.o
task1                                             Messages.o
task1Pid                                          Messages.o
task1Stk                                          Messages.o
task1Tcb                                          Messages.o
task2                                             Messages.o
task2Pid                                          Messages.o
task2Stk                                          Messages.o
task2Tcb                                          Messages.o
