eeschema (2011-05-25)-stable  >> Creation date: Fri 16 Sep 2011 11:53:16 PM CEST

#Cmp ( order = Reference )
| C1         C           
| C2         100n        
| C3         100n        
| C4         100n        
| C5         330n        
| C6         100n        
| C7         22p         
| C8         22p         
| C9         CAPAPOL     
| C10        330n        
| C11        CAPAPOL     
| C12        100n        
| C13        100µ       
| C14        100n        
| C15        100n        
| C16        22µ        
| D1         DIODE       
| D2         DIODE       
| D3         DIODE       
| D4         DIODE       
| D7         DIODE       
| D8         DIODE       
| D9         DIODE       
| D10        DIODE       
| D11        DIODESCH    
| GS1        GS2         
| GS2        GS2         
| GS3        GS2         
| GS4        GS2         
| IC1        ATMega8/48/88/168/328
| K1         CONN_3      
| K2         CONN_3      
| L1         330µH      
| P1         CONN_1      
| P3         CONN_1      
| P4         CONN_5      
| P5         CONN_2      
| P6         CONN_2      
| P7         CONN_2      
| P_IR1      CONN_2X2    
| P_MOTOR1   CONN_2      
| P_RAIL1    CONN_2      
| Q1         MOSFET_N    
| Q2         MOSFET_N    
| R1         5k6         
| R2         47K         
| R3         39k         
| R4         47k         
| R5         47k         
| R6         6k8         
| R7         R           
| R8         22k         
| R9         22k         
| R10        47k         
| R11        R           
| R12        R           
| R13        R           
| R14        22k         
| R15        4k7         
| R16        4k7         
| R17        6k8         
| R18        4k7         
| R19        22k         
| R20        R           
| R21        R           
| R22        47k         
| R23        R           
| R24        47k         
| R25        47k         
| R26        47k         
| U1         RFM12       
| U2         ULN2003A    
| U3         LM2574SMD   
| U4         L6201PS     
| U5         LM257X      
| X1         QUARTZCMS4  
#End Cmp

#Cmp ( order = Value )
| 100n         C2        
| 100n         C3        
| 100n         C4        
| 100n         C6        
| 100n         C12       
| 100n         C14       
| 100n         C15       
| 100µ        C13       
| 22k          R8        
| 22k          R9        
| 22k          R14       
| 22k          R19       
| 22p          C7        
| 22p          C8        
| 22µ         C16       
| 330n         C5        
| 330n         C10       
| 330µH       L1        
| 39k          R3        
| 47K          R2        
| 47k          R4        
| 47k          R5        
| 47k          R10       
| 47k          R22       
| 47k          R24       
| 47k          R25       
| 47k          R26       
| 4k7          R15       
| 4k7          R16       
| 4k7          R18       
| 5k6          R1        
| 6k8          R6        
| 6k8          R17       
| ATMega8/48/88/168/328 IC1       
| C            C1        
| CAPAPOL      C9        
| CAPAPOL      C11       
| CONN_1       P1        
| CONN_1       P3        
| CONN_2       P5        
| CONN_2       P6        
| CONN_2       P7        
| CONN_2       P_MOTOR1  
| CONN_2       P_RAIL1   
| CONN_2X2     P_IR1     
| CONN_3       K1        
| CONN_3       K2        
| CONN_5       P4        
| DIODE        D1        
| DIODE        D2        
| DIODE        D3        
| DIODE        D4        
| DIODE        D7        
| DIODE        D8        
| DIODE        D9        
| DIODE        D10       
| DIODESCH     D11       
| GS2          GS1       
| GS2          GS2       
| GS2          GS3       
| GS2          GS4       
| L6201PS      U4        
| LM2574SMD    U3        
| LM257X       U5        
| MOSFET_N     Q1        
| MOSFET_N     Q2        
| QUARTZCMS4   X1        
| R            R7        
| R            R11       
| R            R12       
| R            R13       
| R            R20       
| R            R21       
| R            R23       
| RFM12        U1        
| ULN2003A     U2        
#End Cmp

#End List
