
Memory Configuration

Name             Origin             Length             Attributes
prom             0x00000000         0x00000800
ram              0x00000800         0x00000800
*default*        0x00000000         0xffffffff

Linker script and memory map

                0x00000000                __DYNAMIC = 0x0
                0x00000000                _PROM_START = 0x0
                0x00000800                _PROM_SIZE = 0x800
                0x00000800                _PROM_END = (_PROM_START + _PROM_SIZE)
                0x00000800                _RAM_START = 0x800
                0x00000800                _RAM_SIZE = 0x800
                0x00001000                _RAM_END = (_RAM_START + _RAM_SIZE)

.text           0x00000000      0x4dc
                0x00000000                _stext = .
 *(.text)
 .text          0x00000000       0xfc crt0ram.o
                0x00000048                irq_enable
                0x00000000                _start
                0x0000006c                jump
                0x00000054                irq_mask
                0x00000060                irq_disable
                0x00000070                halt
 .text          0x000000fc      0x2a4 main.o
                0x000000fc                readint
                0x000001b0                memtest
                0x00000140                writeint
                0x00000234                main
 .text          0x000003a0      0x13c spike_hw.o
                0x000004a8                uart_putstr
                0x000003d4                sleep
                0x00000450                uart_getchar
                0x00000430                uart_init
                0x000003a0                irq_handler
                0x00000408                tic_init
                0x00000480                uart_putchar
                0x000004dc                _etext = .

.data           0x000004dc       0x68
                0x000004dc                _sdata = .
 *(.data)
 .data          0x000004dc       0x14 spike_hw.o
                0x000004e8                uart0
                0x000004ec                timer0
                0x000004dc                msec
                0x000004e4                gpio0
                0x000004e0                sram0
 *(.rodata)
 *(.rodata.*)
 .rodata.str1.4
                0x000004f0       0x54 main.o
                0x00000544                _edata = .

.bss            0x00000800        0x0
                0x00000800                _sbss = .
 *(.bss)
                0x00000800                _ebss = .
LOAD crt0ram.o
LOAD main.o
LOAD spike_hw.o
OUTPUT(image elf32-lm32)

.debug_abbrev   0x00000000      0x1f1
 .debug_abbrev  0x00000000       0xf5 main.o
 .debug_abbrev  0x000000f5       0xfc spike_hw.o

.debug_info     0x00000000      0x470
 .debug_info    0x00000000      0x187 main.o
 .debug_info    0x00000187      0x2e9 spike_hw.o

.debug_line     0x00000000      0x428
 .debug_line    0x00000000      0x28c main.o
 .debug_line    0x0000028c      0x19c spike_hw.o

.debug_pubnames
                0x00000000       0xeb
 .debug_pubnames
                0x00000000       0x40 main.o
 .debug_pubnames
                0x00000040       0xab spike_hw.o

.debug_aranges  0x00000000       0x40
 .debug_aranges
                0x00000000       0x20 main.o
 .debug_aranges
                0x00000020       0x20 spike_hw.o

.debug_str      0x00000000      0x1b3
 .debug_str     0x00000000       0xda main.o
                                 0xf0 (size before relaxing)
 .debug_str     0x000000da       0xd9 spike_hw.o
                                0x176 (size before relaxing)

.comment        0x00000000       0x62
 .comment       0x00000000       0x31 main.o
 .comment       0x00000031       0x31 spike_hw.o
